ABS_ACK_BATTLE_FIELD_USER_INFO = 5087
ABS_ASK_ENTERABLE_BATTLE_FIELD_EXISTS = 5410
ABS_CREATE_BATTLE_FIELD = 5412
ABS_CREATE_BATTLE_FIELD_LOG = 5086
ABS_LOAD_BATTLE_FIELD_UNIQUE_ID = 5409
ABS_REQUEST_BATTLE_FIELD_USER_INFO = 5074
ABS_REQUEST_JOIN_BATTLE_FIELD = 5413
ADS_ADD_TO_PARTY_MATCH_POOL = 5096
ADS_ADMIN_GET_DUNGEON_USER_LIST = 5602
ADS_ASK_TO_JOIN_PARTY_RESULT = 5112
ADS_DEL_FROM_PARTY_MATCH_POOL = 5099
ADS_DICONNECT_BATTLE_FIELD_SERVER = 5105
ADS_DUNGEON_RANK_GET_CURRENT_TOP_SCORE = 5353
ADS_NOTIFY_ABOUT_DUNGEON_CLEAR = 5118
ADS_PARTY_MAKE_RESULT = 5107
ADS_PARTY_MAKE_RESULT_FROM_INSTANCE_SERVER = 5108
ADS_PRE_PARTY_MAKE_RESULT = 5104
ADS_REQUEST_CHANGE_PARTY_MATCH_RULE = 5114
ADS_SYS_PARTY_INFO = 5122
AP_PONG = 19201
AP_REGISTER = 19202
AP_REQUEST_ENTER_LOBBY = 19204
AS_ACCESSORY_TRANSFORM_COST_INFO = 5489
AS_ACHIEVEMENT_SEASON_LIST = 5405
AS_ACK_BATTLE_FIELD_USER_INFO = 5075
AS_ACQUIRE_FRIENDSHIP_GAGE = 5529
AS_ADD_ACCOUNT_PACKAGE_LIST = 5558
AS_ADD_ADMIN_CITY_WAR_GUILD_BAN = 5588
AS_ADD_AWAKEN_CHANGE_DATA = 5565
AS_ADD_AWAKEN_ENCHANT_DATA = 5564
AS_ADD_BLOCKED_USER = 5248
AS_ADD_EP_SYSTEM_EVENT = 5399
AS_ADD_EVENTSYSTEM_INFO = 5624
AS_ADD_GUILDMEMBER = 5145
AS_ADD_NPC_SPAWN_EVENT = 5560
AS_ADD_PLAY_GUIDE_EVENT = 5371
AS_ADD_PLAY_GUIDE_EXTRA_BASE_REWARD_EVENT = 5376
AS_ADD_PLAY_GUIDE_EXTRA_DAILY_REWARD_EVENT = 5380
AS_ADD_SERVANT_DATA = 5437
AS_ADD_TO_FRIEND_LIST = 10327
AS_ADD_VILLAGER_DESPAWN = 5600
AS_ADD_VIP_TOKEN = 5571
AS_ADMIN = 5246
AS_ADMIN_BATTLE_FIELD_RESULT = 5068
AS_ADMIN_CLEAR_BATTLE_FIELD_ENTER_COUNT = 5455
AS_ADMIN_COMMAND = 10279
AS_ADMIN_DELETE_GUILD_TOWER = 5595
AS_ADMIN_DEL_FLOATING_CASTLE_PARTS = 5509
AS_ADMIN_HOLD_CHARACTER = 5492
AS_ADMIN_RELOAD_DATASHEET = 5043
AS_ADMIN_REQUEST_SEND_INFO = 10278
AS_ADMIN_REQUEST_USERACTION = 10277
AS_ADMIN_REQUEST_VANISH_PET = 5312
AS_ADMIN_RESET_DUNGEON_COOLTIME = 5063
AS_ADMIN_SET_DUNGEON_COOLTIME = 5044
AS_ALL_COLLECT_FLOATING_CASTLE = 5512
AS_AM_I_WORLD_CONTROL_ARBITER = 5483
AS_ARBITER_USER_DELETE = 5186
AS_ASK_ADMIN_REQUEST_USERACTION = 10275
AS_ASK_CHANGE_MAX_PROF_LIMIT = 5464
AS_ASK_LOAD_CONTINENT_CHANNEL_INFO = 5458
AS_ASK_PET_OWNER_INFO_FOR_VANISH = 5316
AS_ASK_SERVANT_SKILL_INFO = 5462
AS_ASK_WA_ADD_CONTINENT_CHANNEL_COUNT = 5460
AS_ASSIGN_ALL_FLOATING_CASTLE = 5513
AS_ASSIGN_FLOATING_CASTLE = 5515
AS_BANISH_GUILD_MEMBER = 5136
AS_BAN_PARTY_MEMBER = 5055
AS_BATTLE_FIELD_DISABLED_LIST = 5546
AS_BATTLE_FIELD_VIEW_LIST = 5396
AS_BOT_ACCOUNT_CANDIDATE = 5429
AS_BOT_CONFIGURATION = 5428
AS_BOT_LIST_ACCOUNT_CANDIDATE = 5430
AS_BUY_VILLAGER_BUFF = 5217
AS_BYPASS_FROM_CLIENT = 5125
AS_CACHE_DUNGEON_COOL_TIME_TO_WORLD = 5272
AS_CAMP_TEL_ADDED = 10288
AS_CANCEL_SKILL_STRICTLY = 5227
AS_CHANGE_ACHIEVEMENT_SEASON = 5404
AS_CHANGE_BATTLE_FIELD_ON_OFF = 5547
AS_CHANGE_DUNGEON_PHASE_LEVEL = 5575
AS_CHANGE_EVENT_MATCHING_STATE = 5557
AS_CHANGE_GROUP_DUEL_SETTING = 5553
AS_CHANGE_GUILDGROUP = 5147
AS_CHANGE_GUILDWAR_KILL_COUNT_BYADMIN = 5391
AS_CHANGE_GUILD_CHIEF = 5138
AS_CHANGE_LORD_GUILD = 5258
AS_CHANGE_TOKEN_POINT_BY_WA = 5475
AS_CHAR_LOC = 5202
AS_CHRONOSCROLL_REDEEMED = 5419
AS_CITY_WAR_OFF = 5580
AS_CITY_WAR_ON = 5579
AS_CLEAR_BATTLE_FIELD_COOL_TIME = 5424
AS_CLEAR_BATTLE_FIELD_ENTER_COUNT = 5457
AS_CLEAR_VOTE_COOL_TIME = 5427
AS_COLLECT_FLOATING_CASTLE = 5514
AS_CONTENTS_ON_OFF = 5488
AS_CONTENTS_ON_OFF_LIST = 5486
AS_CONTROL_DARK_RIFT_INSTANCE = 5335
AS_CREATE_GROUP_DUEL = 5552
AS_CREATE_GROUP_DUEL_PARTY = 5095
AS_CREATE_GUILD_GROUP = 5142
AS_CREST_ALL_CLEAR = 5243
AS_CREST_LEARN = 5229
AS_CREST_POINT = 5233
AS_CREST_UPGRADE = 5241
AS_CREST_USE = 5237
AS_CREST_USE_CLEAR = 5239
AS_CREST_USE_LIST = 5235
AS_DARK_RIFT_REQUEST_RESERVATION_TIME_LIST = 5392
AS_DARK_RIFT_SET_HUNTING_ZONE_ENABLED = 5334
AS_DECLARE_GUILD_WAR = 5293
AS_DELETE_ALL_NPC_SPAWN_EVENT = 5562
AS_DELETE_ALL_PRODUCT = 5538
AS_DELETE_AWAKEN_CHANGE_DATA = 5567
AS_DELETE_AWAKEN_ENCHANT_DATA = 5566
AS_DELETE_CONTINENT_ABNORMALITY = 5630
AS_DELETE_ENCHANT_PROB_EVENT = 5551
AS_DELETE_EVENTSYSTEM_INFO = 5625
AS_DELETE_NPC_SPAWN_EVENT = 5561
AS_DEL_ADMIN_CITY_WAR_GUILD_BAN = 5589
AS_DEL_ALL_DUAL_OPTION_OPEN_MATERIAL = 5359
AS_DEL_ALL_PLAY_GUIDE_EVENT = 5373
AS_DEL_ALL_PLAY_GUIDE_EXTRA_BASE_REWARD_EVENT = 5378
AS_DEL_ALL_PLAY_GUIDE_EXTRA_DAILY_REWARD_EVENT = 5382
AS_DEL_DUAL_OPTION_OPEN_MATERIAL = 5358
AS_DEL_DUNGEON_ROOKIE_EVENT_VALUE = 5365
AS_DEL_EP_SYSTEM_EVENT = 5400
AS_DEL_JACKPOT_EVENT_VALUE = 5362
AS_DEL_PLAY_GUIDE_EVENT = 5372
AS_DEL_PLAY_GUIDE_EXTRA_BASE_REWARD_EVENT = 5377
AS_DEL_PLAY_GUIDE_EXTRA_DAILY_REWARD_EVENT = 5381
AS_DESPAWN_PET = 10328
AS_DESTROY_GUILD = 5132
AS_DISMISS_PARTY = 5053
AS_DO_ADD_PARTY_MEMBER = 5023
AS_DO_CHANGE_PARTY_MEMBER_AUTHORITY = 5029
AS_DO_CREATE_PARTY = 5022
AS_DO_DISMISS_PARTY = 5025
AS_DO_EXTEND_PARTY = 5026
AS_DO_REMOVE_PARTY_MEMBER = 5024
AS_DO_SET_LOOTING_METHOD = 5030
AS_DO_SET_PARTY_MANAGER = 5028
AS_DO_SET_PARTY_OWNER = 5031
AS_DO_SWAP_PARTY = 5027
AS_DUNGEON_DISABLED_LIST = 5485
AS_DUNGEON_ON_OFF = 5487
AS_DUNGEON_PHASE_LAST_RESET_TIME = 5572
AS_ELECTION_STATE = 5263
AS_END_DARK_RIFT_REWARD_EVENT = 5385
AS_END_GUILD_WAR = 5302
AS_END_LORD_GUILDWAR = 5268
AS_END_LORD_REIGN_PERIOD = 5448
AS_ENTER_WORLD = 5006
AS_EVENT_HUNTINGBONUS = 10471
AS_EVENT_HUNTINGBONUS_ITEM = 10465
AS_EVENT_MAIL_RECEIVED = 5351
AS_EVENT_MATCHING_CONTROL = 5502
AS_EVENT_MATCHING_DUNGEON_DETAIL_INFO = 5394
AS_EVENT_MATCHING_INFO = 5501
AS_EVENT_MATCHING_INFO_LIST = 5497
AS_FESTIVAL_NPC_SPAWN = 5287
AS_FESTIVAL_OBJECT_SPAWN = 5288
AS_FORCE_ENTER_DUNGEON_ID = 5008
AS_GATHER_USER_LIST_BY_DISTANCE = 5319
AS_GMEVENT_CHANGE_MAX_JOIN_COUNT = 5618
AS_GMEVENT_CLEAR_JOIN_COUNT = 5617
AS_GMEVENT_DELETE_EVENT = 5614
AS_GMEVENT_LOAD_JOIN_COUNT = 5616
AS_GMEVENT_NOTICE = 5620
AS_GMEVENT_ONOFF = 5612
AS_GMEVENT_RESPONSE_OX_QUIZ = 5611
AS_GMEVENT_RESPONSE_REWARD = 5609
AS_GMEVENT_UPDATE_EVENT = 5615
AS_GUARD_LORD_CHANGED = 5279
AS_GUARD_TAX_PROFIT = 5262
AS_GUARD_TAX_RATE = 5261
AS_GUILDW_WAR_ADMIN_MAINTAINCOST = 5309
AS_GUILD_JOINED = 10331
AS_INITIALIZE_DUNGEON_ID = 5066
AS_INSERT_CONTINENT_ABNORMALITY = 5629
AS_INSERT_ENCHANT_PROB_EVENT = 5550
AS_INVOKE_ABNORMALITY_BY_ADMIN = 5548
AS_LEARN_ALL_CREST_ACQUIRABLE = 5231
AS_LEARN_GUILD_PERK = 5225
AS_LEAVE_GUILD = 5134
AS_LEAVE_WORLD = 5010
AS_LOAD_BATTLE_FIELD_COOL_TIME = 5421
AS_LOAD_BATTLE_FIELD_ENTER_COUNT = 5452
AS_LOAD_ENCHANT_PROB_EVENT_INFO = 5549
AS_LOAD_EVENTSYSTEM_INFO = 5622
AS_LOAD_EVENTSYSTEM_PROGRESS_INFO = 5623
AS_LOAD_EXTRAPOINT_DATA = 5443
AS_LOAD_FLOATINGCASTLE = 5511
AS_LOAD_GMEVENT_DATA = 5606
AS_LOAD_GUARD = 5257
AS_LOAD_GUARD_FINISH = 5259
AS_LOAD_GUILD = 5128
AS_LOAD_GUILD_DATA = 5211
AS_LOAD_PRODUCT_MARK_INFO = 5536
AS_LOAD_PRODUCT_SALE_INFO = 5534
AS_LOAD_SERVANT_DATA = 5435
AS_LOAD_TOPO_FIN = 5007
AS_LOG_QUEST_END = 5493
AS_LORD_ACCESSION = 5265
AS_LORD_ELECTION_DEFEATED = 5313
AS_LORD_LIST = 5281
AS_MAKE_SYS_PARCEL = 5253
AS_MARK_AS_QUEST_COMPLETED = 5449
AS_NOTIFY_ABOUT_SYS_PARTY_WITHDRAWAL = 5124
AS_NOTIFY_GUILD_WAR_INFO = 5305
AS_NPC_ARENA_ACTIVATE = 5478
AS_NPC_ARENA_STATE_CHECK = 5476
AS_ON_DAILY_ATTENDACNE = 5032
AS_OPPOSITE_DECLARE_GUILD_WAR = 5294
AS_PARTY_LOOTING_METHOD = 5054
AS_PERIOD_ITEM_EXPIRED = 5323
AS_PERIOD_PASSIVE_EXPIRED = 5327
AS_PET_ALERT = 5177
AS_PET_CALL = 5159
AS_PET_DISMISS = 5161
AS_PET_DUR_TOPET = 5174
AS_PET_DUR_TOUSER = 5175
AS_PET_INCUBATOR_COMPLETE = 5185
AS_PET_INCUBATOR_SLOT = 5179
AS_PET_INCUBATOR_START = 5183
AS_PET_INCUBATOR_TAKEALL = 5181
AS_PET_ITEM_EQUIP = 5163
AS_PET_ITEM_UNEQUIP = 5165
AS_PET_LOAD = 5157
AS_PET_ORB_CHANGE = 5167
AS_PET_REPAIR = 5169
AS_PET_STOP_TOPET = 5171
AS_PET_STOP_TOUSER = 5172
AS_PING = 5001
AS_POLITICS_UNIT_INFO = 5447
AS_PREMIUM_SLOT_DELETE_ITEM = 5048
AS_PREMIUM_SLOT_INSERT_ITEM = 5046
AS_PREMIUM_SLOT_UPDATE_ITEM = 5047
AS_PROFILE = 5205
AS_PUSH_GUILD_BUFF = 5224
AS_QA_DELETE_GUILD_TOWER = 5598
AS_QA_PUBLISHER_CHANGE = 5390
AS_QA_SET_GAME_OPERATOR = 5479
AS_QA_SET_GUILD_WAR_COOL_TIME = 5308
AS_QUERY_TO_ARBITER_FOR_BAN_PARTY_MEMBER = 5042
AS_RAISE_GUILD_WAR = 5296
AS_REGISTER = 5003
AS_RELOAD_GMEVENT_DATASHEET = 5607
AS_REMOVE_ACCOUNT_PACKAGE_LIST = 5559
AS_REMOVE_BLOCKED_USER = 5249
AS_REMOVE_GUILD_GROUP = 5144
AS_REMOVE_ITEM_PERIOD = 5326
AS_REMOVE_VILLAGER_DESPAWN = 5601
AS_REQUEST_DESPAWN_TERRITORY = 5278
AS_REQUEST_DICE_THROW = 5209
AS_REQUEST_DUNGEON_PHASE_USER_RESET = 5574
AS_REQUEST_ENTER_BATTLEFIELD = 5503
AS_REQUEST_ENTER_CITY_WAR = 5583
AS_REQUEST_ENTER_CITY_WAR_GUILD_TOWER_BY_ITEM = 5585
AS_REQUEST_ENTER_DUNGEON = 5058
AS_REQUEST_LEAVE_DUNGEON = 5062
AS_REQUEST_NORMAL_CHAT = 5207
AS_REQUEST_OTHER_SERVER_ITEM_TOOLTIP = 5416
AS_REQUEST_PERF = 5204
AS_REQUEST_REFRESH_PARTY_INFO = 5037
AS_REQUEST_RESET_DUNGEON = 5468
AS_REQUEST_SEND_PK_POLICY = 5273
AS_REQUEST_SPAWN_NPC = 5276
AS_REQUEST_SPAWN_TERRITORY = 5277
AS_REQUEST_START_GUILD_QUEST = 5214
AS_REQUEST_TEAM_CHAT = 5208
AS_REQUEST_TELEPORT = 5041
AS_REQUSET_TOKEN_EXCHANGE_DATASHEET_RELOAD = 5474
AS_RESET_ADMIN_NON_PK_SECTION = 5355
AS_RESET_ALL_DUNGEON = 5052
AS_RESET_AND_ENTER_DUNGEON = 5481
AS_RESET_DARK_RIFT_DAILY_COMPLETED = 5341
AS_RESET_DUNGEON = 5482
AS_RESET_FIELD_POINT_COMPLETE = 5198
AS_RESET_GUILD_PERK = 5226
AS_RESET_HUNTING_EVENT_VALUE = 5369
AS_RESET_LORD_LIST = 5280
AS_RESET_PRODUCT_MARK_EVENT = 5539
AS_RESET_PROFILE = 5206
AS_RESET_STORE_ITEM_CHANGE_INFO = 5569
AS_RESPONSE_ENTER_DUNGEON = 5060
AS_RESTART_GUILD_WAR = 5304
AS_REWRITE_ITEM_STRING = 5556
AS_SEND_ATTENDANCE_EVENT_COMPENSATION = 5542
AS_SEND_MESSAGE_TO_WORLD_USER = 5271
AS_SEND_MY_ACHIEVEMENT_INFO = 5403
AS_SEND_MY_GROUP_DUEL_MSG = 5554
AS_SEND_RETURN_USER_REWARD = 5544
AS_SETTING_BATTLE_FIELD_MATCHING_STATE = 5067
AS_SET_ACCOUNT_RESTRICTION_LEVEL = 5318
AS_SET_ADMIN_NON_PK_SECTION = 5354
AS_SET_BLOCKED_USER = 5247
AS_SET_DARK_RIFT_DAILY_COMPLETED = 5339
AS_SET_DUAL_OPTION_OPEN_MATERIAL = 5357
AS_SET_DUAL_OPTION_OPEN_MATERIAL_LIST = 5356
AS_SET_DUNGEON_LOG_USE_OR_NOT = 5386
AS_SET_DUNGEON_ROOKIE_EVENT_VALUE = 5364
AS_SET_DUNGEON_ROOKIE_EVENT_VALUE_LIST = 5363
AS_SET_EP_SYSTEM_CONTENTS_ON_OFF = 5445
AS_SET_EP_SYSTEM_CONTENTS_ON_OFF_TABLE = 5444
AS_SET_EP_SYSTEM_EVENT = 5398
AS_SET_FIELD_POINT_ADMIN_REWARD = 5632
AS_SET_GUARD_POLICY = 5260
AS_SET_GUILDGROUP_AUTHORITY = 5140
AS_SET_GUILD_GENERAL_COIN = 5517
AS_SET_GUILD_RECOMMENDATION_POINT = 5152
AS_SET_HUNTING_EVENT_VALUE = 5368
AS_SET_HUNTING_EVENT_VALUE_TABLE = 5367
AS_SET_ITEM_STRING = 5555
AS_SET_JACKPOT_EVENT_VALUE = 5361
AS_SET_JACKPOT_EVENT_VALUE_LIST = 5360
AS_SET_NEW_TERA_USER = 5310
AS_SET_PC_BANG_USER = 5311
AS_SET_PLAY_GUIDE_EVENT_LIST = 5370
AS_SET_PLAY_GUIDE_EXTRA_BASE_REWARD_EVENT = 5375
AS_SET_PLAY_GUIDE_EXTRA_DAILY_REWARD_EVENT = 5379
AS_SET_PLAY_GUIDE_WEB_ADMIN_SETTINGS = 5374
AS_SET_VISIBLE_RANGE = 5251
AS_SPAWN_BUILD_OBJECT = 5496
AS_START_DARK_RIFT_REWARD_EVENT = 5384
AS_START_EVENT = 5283
AS_START_FESTIVAL = 5285
AS_START_GUILD_WAR = 5298
AS_START_LORD_GUILDWAR = 5267
AS_STOP_EVENT = 5284
AS_STOP_FESTIVAL = 5286
AS_STORE_ITEM_CHANGE_INFO = 5568
AS_SYNC_DATE_TIME = 5541
AS_TELEPORT_CITY_WAR = 5591
AS_TELEPORT_CITY_WAR_GUILD_TOWER_BY_ITEM = 5593
AS_TRADE_BROKER_CLOSE = 5219
AS_TRADE_BROKER_DEAL_CLOSE = 5222
AS_TRADE_BROKER_DEAL_OPEN = 5221
AS_TRADE_BROKER_ITEM_SOLD = 10338
AS_UPDATE_ACHIEVEMENT_SEASON = 5528
AS_UPDATE_ADMIN_CITY_WAR_INTEREST_ONLY = 5587
AS_UPDATE_ADMIN_CITY_WAR_OPEN_TIME = 5586
AS_UPDATE_BATTLE_FIELD_COOL_TIME = 5423
AS_UPDATE_BATTLE_FIELD_ENTER_COUNT = 5454
AS_UPDATE_DAILY_EVENT_DAY = 5466
AS_UPDATE_DARK_RIFT_DAILY_COMPLETED = 5343
AS_UPDATE_EVENT_MATCHING_ADD_REWARD_RESETTIME = 5507
AS_UPDATE_FLOATING_CASTLE_AUTHORITY = 5525
AS_UPDATE_FLOATING_CASTLE_COST_STATE = 5523
AS_UPDATE_FLOATING_CASTLE_PARTS = 5521
AS_UPDATE_GUILD_DATA = 5212
AS_UPDATE_GUILD_EMBLEM = 5527
AS_UPDATE_GUILD_GENERAL_COIN = 5516
AS_UPDATE_GUILD_LOGO = 5154
AS_UPDATE_GUILD_MEMBER = 5151
AS_UPDATE_GUILD_NAME = 5274
AS_UPDATE_GUILD_TITLE = 5153
AS_UPDATE_ITEM_PERIOD = 5325
AS_UPDATE_PCBANG_INVEN_VERSION = 5291
AS_UPDATE_PLAYGUIDE_EXTRA_REWARD_RESETTIME = 5505
AS_UPDATE_PRODUCT_MARK_INFO = 5537
AS_UPDATE_PRODUCT_SALE_INFO = 5535
AS_UPDATE_SERVANT_DATA = 5441
AS_UPDATE_SERVANT_NAME = 5439
AS_UPDATE_SKILL_CHEATER_CONFIG = 5627
AS_UPDATE_USER_DESCRIPTION = 5264
AS_UPDATE_VIP_SYSTEM_INFO = 5570
AS_UPDATE_VISITED_SECTION_LIST = 5191
AS_UPDATE_VOTE_COOL_TIME = 5426
AS_USER_CANCEL_PARTY_CONTRACT = 5389
AS_USER_CANCEL_REQUEST_EXIT = 5388
AS_USER_CHANGE_CLASS_RACE_GENDER = 10464
AS_USER_FIELD_POINT_INFO = 5196
AS_USER_NOCTAN = 5245
AS_USER_REQUEST_EXIT = 5387
AS_USER_VOTED = 5315
AS_USE_STYLE_WAREHOUSE = 5045
AS_VIP_STORE_SLOT_ON_OFF = 5401
AS_VIP_STORE_SLOT_SALE = 5402
AS_WITHDRAW_GUILD_WAR = 5307
BSA_ACK_BATTLE_FIELD_USER_INFO = 5076
BSA_BATTLE_FIELD_INVITE_USER = 5077
BSA_BATTLE_FIELD_OPEN_INFO = 5084
BSA_CREATE_BATTLE_FIELD = 5411
BSA_CREATE_BATTLE_FIELD_LOG = 5085
BSA_CREATE_BATTLE_FIELD_RESULT = 5406
BSA_END_BATTLE_FIELD = 5080
BSA_END_BATTLE_FIELD_RESULT_LIST = 5079
BSA_END_BATTLE_FIELD_WITHOUT_PLAY = 5081
BSA_EXIT_BATTLE_FIELD = 5071
BSA_LOAD_BATTLE_FIELD_UNIQUE_ID = 5408
BSA_NOTIFY_ABOUT_BATTLE_FIELD_CLEAR = 5082
BSA_NOTIFY_USER_BATTLE_FIELD_ENTERABLE = 5407
BSA_REQUEST_ADD_SUPPLEMENTPOOL = 5083
BSA_REQUEST_BATTLE_FIELD_USER_INFO = 5078
BSA_SET_ANONYMOUS_NAME = 5072
BSA_UPDATE_BATTLE_FIELD_LOG = 5088
CP_PING = 19000
CP_REQUEST_LOGIN = 19002
CP_REQUEST_SERVER_LIST = 19004
C_ACCEPT_CONTRACT = 45269
C_ACCEPT_FRIEND = 53739
C_ACCEPT_GUILD_APPLY = 43301
C_ACCEPT_GUILD_WAR = 49874
C_ADD_CRYSTAL_COMBINE_MATERIAL = 24972
C_ADD_FRIEND = 36070
C_ADD_FRIEND_GROUP = 37978
C_ADD_INTER_PARTY_MATCH_POOL = 56296
C_ADD_ITEM_TO_VM_BUY_BASKET = 46171
C_ADD_ITEM_TO_VM_SELL_BASKET = 32577
C_ADD_MATERIAL_AWAKEN = 50394
C_ADD_TELEPORT_TO_POS_LIST = 44916
C_ADD_TO_TEMPER_MATERIAL_EX = 49365
C_ADD_TRADE_BAG = 49978
C_ADMIN = 23727
C_ADMIN_ADD_CUSTOM_BOOKMARK = 23836
C_ADMIN_CHAT_BAN = 23701
C_ADMIN_CHECK_USERNAME = 39824
C_ADMIN_CHECK_USERNAME_WITH_GAMEID = 31363
C_ADMIN_GET_DUNGEON_USER_LIST = 53412
C_ADMIN_GET_USER_INFO_BY_DBID = 28185
C_ADMIN_GET_USER_INFO_LIST_BY_DISTANCE = 60322
C_ADMIN_GMEVENT_NOTICE = 62700
C_ADMIN_GMEVENT_OFF = 49623
C_ADMIN_GMEVENT_OX_QUIZ_NEXT_QUIZ = 28224
C_ADMIN_GMEVENT_OX_QUIZ_NEXT_REPE_QUIZ = 50977
C_ADMIN_GMEVENT_STATUS = 45039
C_ADMIN_GMEVENT_USER_KICK = 60313
C_ADMIN_GMEVENT_USER_SUMMON = 47475
C_ADMIN_GM_MAPTELEPORT = 30648
C_ADMIN_GM_SKILL = 35821
C_ADMIN_GM_TELEPORT = 53382
C_ADMIN_HOLD_CHARACTER = 43150
C_ADMIN_KILL_NPC = 25188
C_ADMIN_LOBBY = 60942
C_ADMIN_REMOVE_CUSTOM_BOOKMARK = 57702
C_ADMIN_REMOVE_NPC = 49144
C_ADMIN_REQUEST_CHAT_BAN = 52669
C_ADMIN_REQUEST_CUSTOM_BOOKMARK = 53157
C_ADMIN_REQUEST_DEFAULT_BOOKMARK = 59952
C_ADMIN_REQUEST_USERACTION = 37398
C_ADMIN_REQUEST_USERINFO = 55870
C_ADMIN_SPAWN_NPC = 44515
C_ADMIN_VANISH_PET = 54594
C_ADMIN_WARNING_MESSAGE = 59117
C_ANSWER_BANNING_PARTY_MEMBER = 58739
C_ANSWER_CODE_HASH = 52173
C_ANS_QUEST_SHARE = 54280
C_APPLY_GUILD = 62079
C_APPLY_PARTY = 53832
C_APPLY_TITLE = 31352
C_ASK_HANCOIN_AMOUNT = 65452
C_ASK_INTERACTIVE = 41729
C_AVAILABLE_EVENT_MATCHING_LIST = 24785
C_AWESOMIUM_WEB_COUNTING = 48657
C_BANISH_GUILD_MEMBER = 37045
C_BAN_FROM_GROUP_DUEL = 38357
C_BAN_PARTY_MEMBER = 50238
C_BATTLE_FIELD_BOARD_REQUEST = 27600
C_BATTLE_FIELD_CANCEL_OCCUPATION = 35393
C_BATTLE_FIELD_HELP = 51171
C_BATTLE_FIELD_MAP_ALARM = 55955
C_BATTLE_FIELD_POINT_STORE_BUY_ADD_BASKET = 31368
C_BATTLE_FIELD_POINT_STORE_BUY_DEL_BASKET = 44006
C_BATTLE_FIELD_POINT_STORE_COMMIT = 28903
C_BATTLE_FIELD_REWARD = 54697
C_BATTLE_FIELD_START_OCCUPATION = 36747
C_BETTING_TRY = 40706
C_BIND_ITEM_BEGIN_PROGRESS = 61897
C_BIND_ITEM_CANCEL = 22259
C_BIND_ITEM_EXECUTE = 53523
C_BLOCK_USER = 42944
C_BOARD_ITEM_LIST = 28669
C_BOT_CANDIDATE_INFO = 43053
C_BROADCAST_CLIMBING = 28618
C_BUY_INGAMESTORE_MONEYPRODUCT = 54832
C_BUY_INGAMESTORE_TCATPRODUCT = 57130
C_BUY_VILLAGER_BUFF = 60798
C_CANCEL_CHANGE_USER_APPEARANCE = 44254
C_CANCEL_CONTRACT = 22123
C_CANCEL_DELETE_USER = 36229
C_CANCEL_DUNGEON_RETRY = 65156
C_CANCEL_EXIT = 59376
C_CANCEL_FIX_SPIRIT = 52047
C_CANCEL_FIX_VEHICLE = 63094
C_CANCEL_LOCKON_TARGET = 36637
C_CANCEL_PENDING = 46964
C_CANCEL_PREPARE_CHANGE_USER_APPEARANCE = 31791
C_CANCEL_QUEST = 56115
C_CANCEL_RETURN_TO_LOBBY = 54726
C_CANCEL_REVIVE = 40708
C_CANCEL_SELECT_CHANNEL = 59292
C_CANCEL_SKILL = 52937
C_CANCEL_TEMPER = 28812
C_CAN_CREATE_USER = 58579
C_CAN_LOCKON_TARGET = 25351
C_CHANGE_CHANNEL_PASSWORD = 46912
C_CHANGE_CHARACTER = 58474
C_CHANGE_EQUIP_PRESET = 30646
C_CHANGE_FRIEND_MEMO = 52083
C_CHANGE_GROUP_DUEL_SETTING = 43520
C_CHANGE_GUILDGROUP = 30798
C_CHANGE_GUILDNAME = 48512
C_CHANGE_GUILD_CHIEF = 44155
C_CHANGE_ITEM_COLORING_POTION = 58236
C_CHANGE_ITEM_PASSIVE_LIST = 62051
C_CHANGE_LOOKS_PREMIUM_TRY = 31920
C_CHANGE_MODE = 45600
C_CHANGE_MY_PROFILE = 24453
C_CHANGE_MY_STATE = 28676
C_CHANGE_PARTY_MANAGER = 41663
C_CHANGE_PARTY_MEMBER_AUTHORITY = 62595
C_CHANGE_SERVANT_NAME = 60937
C_CHANGE_USER_LOBBY_SLOT_ID = 22544
C_CHANGE_USER_NAME = 30760
C_CHANGE_VM_MODE = 55111
C_CHAT = 64963
C_CHAT_REPORT = 52588
C_CHECK_CHANGE_GUILDNAME = 36025
C_CHECK_EVENT_MATCHING_LIST_CHECKBOX = 25223
C_CHECK_EVENT_SYSTEM_REWARD = 54733
C_CHECK_EXTRACT = 52703
C_CHECK_NEW_GUILDNAME = 25232
C_CHECK_TO_DECLARE_GUILD_WAR = 46673
C_CHECK_TO_OPPOSITE_DECLARE_GUILD_WAR = 40749
C_CHECK_TO_RAISE_GUILD_WAR = 45468
C_CHECK_TO_READY_PARTY = 48095
C_CHECK_TO_READY_PARTY_ANSWER = 24193
C_CHECK_USERNAME = 28225
C_CHECK_VERSION = 19900
C_CITY_WAR_INFO_HISTROY = 28073
C_CITY_WAR_SEASON_HISTROY = 43499
C_CLEAR_SEND_PARCEL = 25953
C_CLOSE_SEND_PARCEL = 60927
C_CLOSE_VM = 62752
C_COLLECTION_PICKEND = 38272
C_COLLECTION_PICKSTART = 65007
C_COMBATLOG_USER_INFO_RESET = 38113
C_COMMIT_ACCESSORY_TRANSFORM = 47668
C_COMMIT_CHANGE_USER_APPEARANCE = 55264
C_COMMIT_FACE_BONE_DATA = 24391
C_COMMIT_INGAME_CHANGE_USER_APPEARANCE = 22235
C_COMMIT_VM_TRADE = 41014
C_COMPLETE_DAILY_EVENT = 20080
C_COMPLETE_EXTRA_EVENT = 52261
C_COMPLETE_QUEST = 48198
C_CONFIRM_EVENT_SYSTEM = 32483
C_CONFIRM_INVITE_CODE = 50062
C_CONFIRM_UPDATE_NOTIFICATION = 41526
C_CREATE_GROUP_DUEL = 53844
C_CREATE_GUILDGROUP = 43887
C_CREATE_PRIVATE_CHANNEL = 60370
C_CREATE_USER = 65399
C_CREST_APPLY = 30484
C_CREST_APPLY_LIST = 48433
C_CREST_DISAPPLY_ALL = 30582
C_CRYSTAL_COMBINE_EXECUTE = 56093
C_CURRENT_CHANNEL = 61685
C_CUSTOM_USER_CUSTOMIZING = 35802
C_DECLARE_GUILD_WAR = 57185
C_DECOMPOSE_REGISTER_ITEM = 46048
C_DECOMPOSE_UNREGISTER_ITEM = 42689
C_DECOMPOSITION_ITEM = 47120
C_DELETE_COUPON = 54175
C_DELETE_FRIEND = 30902
C_DELETE_FRIEND_GROUP = 45834
C_DELETE_PARCEL = 55630
C_DELETE_TELEPORT_TO_POS_LIST = 54028
C_DELETE_USER = 42811
C_DEL_CRYSTAL_COMBINE_MATERIAL = 30475
C_DEL_FROM_AWAKEN = 53177
C_DEL_FROM_TEMPER_MATERIAL = 41875
C_DEL_INTER_PARTY_MATCH_POOL = 26393
C_DEL_ITEM = 53147
C_DEL_TRADE_BAG = 27444
C_DESPAWN_BUILD_OBJECT = 48388
C_DESTROY_GUILD = 38294
C_DIALOG = 56381
C_DIALOG_EVENT = 59919
C_DISMISS_PARTY = 56709
C_DISTRIBUTOR_ANSWER = 61914
C_DUEL_CANCEL = 42324
C_DUNGEON_CLEAR_COUNT_LIST = 50386
C_DUNGEON_COOL_TIME_LIST = 20325
C_DUNGEON_RANK_RECORD_LIST = 27434
C_DUNGEON_RANK_SEASON_LIST = 32272
C_DUNGEON_SUMMON_PARTY = 21055
C_DUNGEON_UI_OPENED = 29549
C_DUNGEON_WORK_ENTER = 56540
C_DUNGEON_WORK_LEAVE = 39392
C_DUNGEON_WORK_POINT_STORE_BUY_ADD_BASKET = 27060
C_DUNGEON_WORK_POINT_STORE_BUY_DEL_BASKET = 50596
C_DUNGEON_WORK_POINT_STORE_COMMIT = 32916
C_DUNGEON_WORK_RETRY = 33963
C_EDIT_BLOCKED_USER_MEMO = 53136
C_EDIT_FRIEND_GROUP = 35185
C_EDIT_PRIVATE_CHANNEL = 36574
C_ENCHANTER_USE = 48966
C_ENCHANT_BOOSTER_DROP_ITEM = 38568
C_ENCHANT_BOOSTER_REGISTER_ITEM = 58927
C_ENCHANT_BOOSTER_START = 49701
C_END_CLIMBING = 29563
C_END_CUSTOMIZING_PARTS_SHAPE = 33639
C_END_ITEM_BIDDING = 50616
C_END_MOVIE = 55912
C_END_RESTORE_CUSTOMIZING_PARTS_SHAPE = 63389
C_END_STYLE_SHOP = 65456
C_ENTER_BATTLE_FIELD = 59127
C_ENTER_DUNGEON = 62494
C_ENTER_SCENARIO_DUNGEON = 42079
C_ENTER_TELEPORTTERRITORY = 30877
C_EQUIP_ITEM = 33543
C_EQUIP_ITEM_SET = 21972
C_EVENT_GUIDE = 36448
C_EVENT_MATCHING_BATTLEFIELD_DETAIL_INFO = 58600
C_EVENT_MATCHING_DUNGEON_DETAIL_INFO = 28085
C_EXECUTE_AWAKEN = 62379
C_EXECUTE_TEMPER = 22821
C_EXIT = 40850
C_EXPAND_INVEN_SIZE = 36582
C_EXTEND_PARTY = 39981
C_EXTRACT_REGISTER_ITEM = 41773
C_EXTRACT_UNREGISTER_ITEM = 51975
C_FACIAL_ATTACHMENT = 28028
C_FIELD_EVENT_BAN = 40596
C_FINDNAME = 58452
C_FLOATING_CASTLE_PARTS_STORE_BUY_ADD_BASKET = 50908
C_FLOATING_CASTLE_PARTS_STORE_BUY_DEL_BASKET = 48981
C_FLOATING_CASTLE_PARTS_STORE_COMMIT = 43179
C_GACHA_CANCEL = 58856
C_GACHA_TRY = 48073
C_GAMBLE_CANCEL = 55202
C_GAMBLE_CHANGE_BET_ITEM = 54809
C_GAMBLE_GO = 44025
C_GAMBLE_STOP = 58088
C_GAMBLE_TRY = 60604
C_GET_AOI_INFO = 27691
C_GET_ATTENDANCE_REWARD = 40751
C_GET_EVENT_DETAIL = 61996
C_GET_EVENT_SYSTEM_REWARD = 59605
C_GET_GUILD_HISTORY = 25064
C_GET_GUILD_WARE_HISTORY = 46161
C_GET_IN_SHUTTLE = 50029
C_GET_OUT_SHUTTLE = 39113
C_GET_USER_GUILD_LOGO = 40001
C_GET_USER_LIST = 40607
C_GET_WARE_ITEM = 30707
C_GIVE_UP_GUILD_WAR = 38531
C_GMEVENT_ENTER_EVENT = 22418
C_GMEVENT_LEAVE_EVENT = 28728
C_GMEVENT_MOVE_TO_STADIUM = 52420
C_GMEVENT_OX_REPE_QUIZ_ANSWER = 34209
C_GROUP_DUEL_ADD_BETTING_ITEM = 30639
C_GROUP_DUEL_BETTING = 61814
C_GROUP_DUEL_BETTING_MONEY = 35236
C_GROUP_DUEL_CHANGE_REPRESENT = 42037
C_GROUP_DUEL_DEL_BETTING_ITEM = 58869
C_GROUP_DUEL_RECORD = 40413
C_GUARD_PK_POLICY = 46879
C_GUILD_APPLY_LIST = 56958
C_GUILD_APPLY_LIST_PAGE = 35429
C_GUILD_STORE_BUY_ADD_BASKET = 50675
C_GUILD_STORE_BUY_DEL_BASKET = 20861
C_GUILD_STORE_COMMIT = 57731
C_HARDWARE_INFO = 44032
C_HIT_USER_PROJECTILE = 48638
C_INGAME_CHANGE_USER_APPEARANCE_CANCEL = 23579
C_INGAME_CHANGE_USER_APPEARANCE_TRY = 59799
C_INVALID_BUILD_VERSION = 22981
C_INVENTORY_AUTO_SORT = 32290
C_INVITE_FRIEND_CODE = 35414
C_INVITE_USER_TO_GUILD = 27814
C_ITEMSYNTHESIZER_REQUEST_CANCEL = 27817
C_ITEMSYNTHESIZER_REQUEST_MATERIAL = 61826
C_ITEMSYNTHESIZER_REQUEST_START = 25371
C_ITEM_COLORING_ADD_ITEM = 59753
C_ITEM_COLORING_REMOVE_ITEM = 36797
C_ITEM_COLORING_SET_COLOR = 63955
C_JOIN_GROUP_DUEL = 48630
C_JOIN_PRIVATE_CHANNEL = 42815
C_KICK_CHANNEL_MEMBER = 41669
C_LEARN_EP_PERK = 60880
C_LEAVE_GROUP_DUEL = 26519
C_LEAVE_GUILD = 20950
C_LEAVE_PARTY = 25330
C_LEAVE_PRIVATE_CHANNEL = 28128
C_LEAVE_TELEPORTTERRITORY = 47907
C_LIST_CHANNEL = 52348
C_LIST_PARCEL = 51566
C_LOAD_EP_INFO = 28698
C_LOAD_TOPO_FIN = 50843
C_LOGIN_ARBITER = 59240
C_LOGIN_WORLD = 42083
C_LORD_ACHIEVEMENT_ACCOMPLISHED_LIST = 57926
C_LORD_CALC_TAX = 64639
C_LORD_CANDIDATE_LIST = 56064
C_LORD_CANDIDATE_PLEDGE = 47905
C_LORD_CHANGE_GREETINGS = 27539
C_LORD_CHANGE_POLICY = 60896
C_LORD_GUARD_INFO = 52751
C_LORD_RANK_INFO = 47044
C_LORD_REGISTER = 58412
C_LORD_REGISTER_INFO = 60426
C_LORD_TAX_SET = 33001
C_LORD_VOTE = 51042
C_LORD_VOTE_CANDIDATE_LIST = 24419
C_MAIN_MENU_COMMAND = 50972
C_MAIN_MENU_COMMAND_EXEC = 62198
C_MAKE_ITEM_DEPRECATED = 54310
C_MAKE_MONEY_DEPRECATED = 64054
C_MEDAL_STORE_BUY_ADD_BASKET = 47371
C_MEDAL_STORE_BUY_DEL_BASKET = 34725
C_MEDAL_STORE_COMMIT = 61994
C_MEET_BOSS_INFO = 47718
C_MERGE_ITEM = 48303
C_MERGE_ITEM_EXECUTE = 41598
C_MERGE_PARTY_TO_RAID = 29269
C_MOUNT_VEHICLE_EX = 55601
C_MOVE_INVEN_POS = 33045
C_MOVE_SLOT_IN_GROUP_DUEL = 41010
C_MOVE_WARE_POS = 49884
C_NOTIFY_LOCATION_IN_ACTION = 41578
C_NOTIFY_LOCATION_IN_DASH = 35509
C_NOTIFY_LOCATION_IN_REACTION = 52264
C_NOTIFY_SPIRIT_LOCATION_IN_ACTION = 60501
C_NOTIMELINE_SKILL = 25406
C_NPCGUILD_LIST = 48617
C_NPC_CONTACT = 42794
C_OPEN_GUILD_WAR_WINDOW = 24181
C_OPPOSITE_DECLARE_GUILD_WAR = 43688
C_OP_COMMAND = 35535
C_PARCEL_READ_RECV_STATUS = 59051
C_PARCEL_REPORT = 33620
C_PARTY_APPLICATION_DENIED = 38297
C_PARTY_LOOTING_METHOD = 64967
C_PARTY_LOOTING_METHOD_VOTE = 52755
C_PARTY_MARKER = 36858
C_PARTY_MATCH_WINDOW_CLOSED = 39222
C_PARTY_NOTIFY_MY_POSITION = 44983
C_PAY_WAREHOUSE_COMMISION = 20460
C_PCBANGINVENTORY_USE_SLOT = 28248
C_PDH_QUERY = 36424
C_PETITION_CANCEL = 56599
C_PETITION_CHAT_USER_MESSAGE = 52750
C_PETITION_CHECK_CREATABLE = 38764
C_PETITION_CHECK_SURVEYABLE = 56593
C_PETITION_COMPLETE_CONFIRM = 25527
C_PETITION_CREATE = 34054
C_PETITION_FEEDBACK = 24470
C_PET_EQUIP = 29693
C_PET_INCUBATOR_GET = 63181
C_PET_INCUBATOR_PUT = 35532
C_PET_INCUBATOR_START = 34110
C_PET_INCUBATOR_TAKEALL = 52679
C_PET_ORB_ATTACH = 43808
C_PET_ORB_DELETE = 39131
C_PET_REPAIR = 41719
C_PET_UNEQUIP = 39414
C_PET_USE_ORB = 33689
C_PING = 34226
C_PK_DECLARE = 45816
C_PLAYER_FLYING_LOCATION = 57864
C_PLAYER_LOCATION = 55590
C_PLAY_EXECUTE_TEMPER = 29327
C_PLAY_TIME = 65035
C_POINT_STORE_BUY_ADD_BASKET = 61060
C_POINT_STORE_BUY_DEL_BASKET = 27059
C_POINT_STORE_COMMIT = 36226
C_POLITICS_POINT_STORE_BUY_ADD_BASKET = 43876
C_POLITICS_POINT_STORE_BUY_DEL_BASKET = 47670
C_POLITICS_POINT_STORE_COMMIT = 57712
C_PONG = 41614
C_PRECONFIRM_INVITE_CODE = 63731
C_PREMIUM_COMPOSE_ADD_ITEM = 47680
C_PREMIUM_COMPOSE_CANCEL = 25003
C_PREMIUM_COMPOSE_DEL_ITEM = 25465
C_PREMIUM_COMPOSE_RESET = 30027
C_PREMIUM_COMPOSE_TRY = 40876
C_PREMIUM_SLOT_USE_SLOT = 25852
C_PREPARE_WORKOBJECT = 55987
C_PRESS_SKILL = 49834
C_PREVIEW_ITEM = 24306
C_PROMOTION_CANCEL = 55667
C_PROMOTION_INFO = 54394
C_PROMOTION_RESET = 52813
C_PROMOTION_START = 29200
C_PURCHASE_PROD = 41633
C_PUT_INTO_PRISON = 54149
C_PUT_WARE_ITEM = 38480
C_QUERY_COIN = 50708
C_RAISE_GUILD_WAR = 56791
C_RECEIVE_PCBANG_STYLE_SHOP_ITEMS = 42302
C_RECEIVE_PLAYTIME_EVENT_REWARD = 44742
C_RECOMMEND_GUILD = 60690
C_RECOMMEND_USER_GUILD = 56106
C_RECV_PARCEL = 47664
C_REGISTER_ENCHANT_ITEM = 57283
C_REGISTER_PARTY_INFO = 55044
C_REGISTER_UPGRADE_ITEM = 50705
C_REGISTER_VM_BUY_ITEM = 46764
C_REGISTER_VM_SELL_ITEM = 56366
C_REGIST_CUSTOMIZING_PARTS_SHAPE_ITEM = 45378
C_REIGN_INFO = 51036
C_REJECT_CONTRACT = 51449
C_REJECT_INVITE_USER_TO_GUILD = 65388
C_RELEASE_FROM_PRISON = 32352
C_REMOVE_BLOCKED_USER = 61153
C_REMOVE_COLORING_POTION = 56347
C_REMOVE_GUILDGROUP = 30226
C_REMOVE_ITEM_FROM_VM_BUY_BASKET = 44823
C_REMOVE_ITEM_FROM_VM_SELL_BASKET = 26564
C_RENAME_TELEPORT_TO_POS_LIST = 49431
C_REPLY_INTER_PARTY_MAKE = 21538
C_REPLY_TELEPORT = 25757
C_REPLY_TELEPORT_NEAR_TOWN = 54583
C_REPLY_TELEPORT_WALK_THROUGH = 24378
C_REPLY_THROUGH_ARBITER_CONTRACT = 49445
C_REQUEST_ACCESSORY_COST_INFO = 36040
C_REQUEST_ACHIEVEMENT_LIST = 41660
C_REQUEST_ARENA_BETTING_INFO = 62914
C_REQUEST_BATTLE_FIELD_CHAT_BAN = 28538
C_REQUEST_BATTLE_FIELD_PARTY_MARKER = 62841
C_REQUEST_BATTLE_FIELD_PARTY_MARKER_CLEAR = 58812
C_REQUEST_BOSS_GAGE_INFO = 31652
C_REQUEST_BUY_VIP_STORE_ITEM = 56934
C_REQUEST_CANCEL_GUILD_QUEST = 61682
C_REQUEST_CANDIDATE_LIST = 46763
C_REQUEST_CHANGE_CHARACTER_NAME = 64852
C_REQUEST_CHANGE_DUAL_OPTION_IDX = 41855
C_REQUEST_CHANGE_PARTY_MATCH_RULE = 59428
C_REQUEST_CITY_WAR_MAP_INFO = 46960
C_REQUEST_CONTRACT = 26884
C_REQUEST_COOLTIME_TO_JOIN_GUILD = 22126
C_REQUEST_COUPON_DATA = 42779
C_REQUEST_COUPON_LIST = 46159
C_REQUEST_DECOMPOSITION = 62780
C_REQUEST_DEMOLISH_GUILD_TOWER = 43180
C_REQUEST_DEMOLIST_GUILD_TOWER_POPUP = 59819
C_REQUEST_DICE_THROW = 25180
C_REQUEST_DUNGEON_WORK_LIST = 59099
C_REQUEST_ENCHANT = 52396
C_REQUEST_ENTER_VIP_DUNGEON = 52138
C_REQUEST_EQUIPMENT_INHERITANCE = 26317
C_REQUEST_EVENT_MATCHING_TELEPORT = 35908
C_REQUEST_FIELD_POINT_REWARD = 51829
C_REQUEST_FINISH_GUILD_QUEST = 40722
C_REQUEST_FLOATING_CASTLE_PARTS_COOL_TIME = 51504
C_REQUEST_GAMESTAT_PING = 60321
C_REQUEST_GUILD_FLAG_IMAGE_DATA = 51105
C_REQUEST_GUILD_INCENTIVE = 59472
C_REQUEST_GUILD_INFO = 58258
C_REQUEST_GUILD_INFO_BEFORE_APPLY_GUILD = 25843
C_REQUEST_GUILD_LEVEL_RANKING = 29300
C_REQUEST_GUILD_LIST = 53068
C_REQUEST_GUILD_LIST_PAGE = 38779
C_REQUEST_GUILD_LIST_SORT = 32939
C_REQUEST_GUILD_MEMBER_LIST = 64486
C_REQUEST_GUILD_PERK_LIST = 22239
C_REQUEST_GUILD_WANTED_WRITING_LIST = 29005
C_REQUEST_GUILD_WANTED_WRITING_LIST_PAGE = 48830
C_REQUEST_GUILD_WAR_PENALTY_INFO = 38564
C_REQUEST_GUILD_WAR_TELEPORT = 40495
C_REQUEST_GUILD_WAR_TRACKING_INFO = 33442
C_REQUEST_IMAGE_DATA = 49033
C_REQUEST_INGAMESTORE_PRODUCT_DETAIL = 34617
C_REQUEST_INGAMESTORE_PRODUCT_LIST = 20144
C_REQUEST_INVITE_GUILD_LIST = 22464
C_REQUEST_INVITE_GUILD_LIST_PAGE = 64188
C_REQUEST_ITEM_COLORING_VALUE = 40472
C_REQUEST_LATEST_UPDATE_NOTIFICATION = 31159
C_REQUEST_LEARN_GUILD_PERK = 61203
C_REQUEST_MEGAPHONE = 29913
C_REQUEST_MISSION_QUEST_TELEPORT = 30270
C_REQUEST_MY_PARTY_MATCH_INFO = 25552
C_REQUEST_NAME_PREEMPTION = 42533
C_REQUEST_NONDB_ITEM_INFO = 23954
C_REQUEST_ONGOING_FIELD_EVENT_LIST = 23670
C_REQUEST_OPEN_DUAL_OPTION = 27514
C_REQUEST_OPEN_DUAL_OPTION_MATERIAL_INFO = 46813
C_REQUEST_PARTY_INFO = 53943
C_REQUEST_PARTY_MATCH_INFO = 34237
C_REQUEST_PARTY_MATCH_INFO_PAGE = 33174
C_REQUEST_PARTY_MATCH_LINK = 23577
C_REQUEST_PERF = 48819
C_REQUEST_PING = 23317
C_REQUEST_PLAYTIME = 46855
C_REQUEST_PRIVATE_CHANNEL_INFO = 58218
C_REQUEST_PVE_RANKING = 34074
C_REQUEST_PVP_RANKING = 48607
C_REQUEST_QUEST_BACKUP_ITEM = 34898
C_REQUEST_RECV_DAILY_TOKEN = 41796
C_REQUEST_RENAME_GUILD = 41512
C_REQUEST_RENEW_ALL_PARTS_ITEM = 51692
C_REQUEST_REPUTATION_STORE_TELEPORT = 53166
C_REQUEST_RESET_EPPERK = 44803
C_REQUEST_RESET_VIP_STORE = 62895
C_REQUEST_RET_VILLAGE_INFO = 59310
C_REQUEST_RIGHT_ITEM_LIST = 48434
C_REQUEST_ROUND_PVE_SKILL_LIST = 26256
C_REQUEST_SEREN_GUIDE = 29946
C_REQUEST_SET_GUILD_WANTED_WRITING = 20855
C_REQUEST_SHARE_QUEST = 34416
C_REQUEST_STACK_ATTENDANCE_EVENT_INFO_UPDATE = 55793
C_REQUEST_STACK_ATTENDANCE_EVENT_REWARD = 24744
C_REQUEST_START_GUILD_QUEST = 53457
C_REQUEST_TOKEN_TARGET_ITEM = 61929
C_REQUEST_TOTAL_GUILD_WAR_DATA = 52731
C_REQUEST_UPDATE_ANNOUNCE = 61390
C_REQUEST_UPDATE_INTRODUCE = 37255
C_REQUEST_UPGRADE = 23569
C_REQUEST_USABLE_CHARACTER_NAME = 65443
C_REQUEST_USABLE_GUILD_NAME = 37869
C_REQUEST_USER_ITEMLEVEL_INFO = 38833
C_REQUEST_USER_PAPERDOLL_INFO = 46450
C_REQUEST_USER_PAPERDOLL_INFO_WITH_GAMEID = 30187
C_REQUEST_VIP_STORE_ITEM_LIST = 41952
C_REQUEST_VIP_SYSTEM_INFO = 29511
C_REQUEST_WRITE_BOARD = 53400
C_RESET_ALL_DUNGEON = 53245
C_RESET_EP_PERK = 22271
C_RESPONSE_SPAWN_DROPITEM = 30258
C_RESTORE_CUSTOMIZING_PARTS_SHAPE = 45916
C_RETURN_PARCEL = 43447
C_RETURN_TO_LOBBY = 20899
C_RETURN_USER_GIFT = 61883
C_REUQUEST_JOINED_CHANNEL_LIST = 22025
C_REVIVE_NOW = 59186
C_REWRITE_ITEM_STRING = 62560
C_RIDE_PEGASUS = 42836
C_ROLLBACK_QUEST = 42766
C_ROUND_PVE_SKILL_SELECT = 35089
C_SAVE_CHAT_SETTING = 54593
C_SAVE_CLIENT_ACCOUNT_SETTING = 25784
C_SAVE_CLIENT_USER_SETTING = 36918
C_SECOND_PASSWORD_AUTH = 48500
C_SECOND_PASSWORD_REGISTER = 58705
C_SELECT_CHANNEL = 54528
C_SELECT_EVENT_MATCHING = 22807
C_SELECT_USER = 56769
C_SEND_PARCEL = 21127
C_SEND_UI_LOG = 32663
C_SERVANT_ABILITY = 40992
C_SERVER_TIME = 57686
C_SETTLE_UP_BUY_VM = 21555
C_SETTLE_UP_SELL_VM = 34086
C_SET_GUILDGROUP_AUTHORITY = 26030
C_SET_GUILD_JOIN_CONDITION = 46876
C_SET_ITEM_STRING = 63727
C_SET_POS = 46401
C_SET_RECIPE_BOOKMARK = 64335
C_SET_SEND_PARCEL_ITEM = 31296
C_SET_SEND_PARCEL_MONEY = 47903
C_SET_SEND_PARCEL_TYPE = 56328
C_SET_TARGET_INFO = 55934
C_SET_VISIBLE_RANGE = 30486
C_SHARE_USER_PING = 37485
C_SHOW_AWESOMIUMWEB_SHOP = 59859
C_SHOW_GUILD_QUEST_LIST = 37389
C_SHOW_INVEN = 36571
C_SHOW_ITEM_TOOLTIP = 47489
C_SHOW_ITEM_TOOLTIP_EX = 40103
C_SHOW_PARCEL_MESSAGE = 37664
C_SHOW_PETMANAGER = 49424
C_SHOW_QUEST_INFO_DIALOG = 36015
C_SHOW_STYLE = 56746
C_SHOW_TRADE_ITEM = 34073
C_SHOW_TRADE_LOG = 38635
C_SIMPLE_TIP_DONT_REPEAT = 20700
C_SIMPLE_TIP_REPEAT_CHECK = 61416
C_SKILL_LEARN_LIST = 20557
C_SKILL_LEARN_REQUEST = 30268
C_SLASH_COMMAND = 59463
C_SOCIAL = 37066
C_SPAWN_BUILD_OBJECT = 27466
C_START_CLIMBING = 50370
C_START_COMBO_INSTANT_SKILL = 58098
C_START_COMMANDER_SKILL = 46174
C_START_CUSTOMIZING_PARTS_SHAPE = 63313
C_START_DECOMPOSE = 24365
C_START_DRIVE_AIRSHIP = 55188
C_START_ENCHANT = 62144
C_START_EXTRACT = 30110
C_START_FIX_SPIRIT = 59789
C_START_FIX_VEHICLE = 62921
C_START_GUILD_SKILL = 44190
C_START_INSTANCE_SKILL = 59981
C_START_INSTANCE_SKILL_EX = 32682
C_START_PRODUCE = 45165
C_START_SKILL = 64396
C_START_SKILL_BY_VEHICLE_EX = 46890
C_START_TARGETED_SKILL = 32428
C_START_UPGRADE = 41776
C_START_VM_BUY = 36439
C_START_VM_SELL = 43495
C_STOP_VM = 34171
C_STORE_BUY_ADD_BASKET = 49777
C_STORE_BUY_DEL_BASKET = 20692
C_STORE_COMMIT = 36094
C_STORE_SELL_ADD_BASKET = 31168
C_STORE_SELL_DEL_BASKET = 33867
C_STR_EVALUATE_LIST = 37003
C_STYLE_SHOP_BUY_REPUTATION_ITEM = 47640
C_STYLE_SHOP_BUY_TCAT_ITEM = 28816
C_SUGGEST_DARK_RIFT_PARTY_MATCHING = 40471
C_SURVEY_ANSWER = 48994
C_SWAP_PARTY = 57457
C_TELEPORT_DARK_RIFT = 39849
C_TELEPORT_TO_CAMP = 27534
C_TELEPORT_TO_POS = 22947
C_TELEPORT_TO_VILLAGE = 30957
C_TEL_CAMP = 43777
C_TOGGLE_GROUP_DUEL_READY = 56384
C_TOGGLE_GROUP_DUEL_SLOT = 38182
C_TOGGLE_TASK_INFO_WINDOW = 31315
C_TRADE_BAG_CLOSE = 56543
C_TRADE_BAG_DONE = 30410
C_TRADE_BROKER_BOUGHT_ITEM_LIST = 64964
C_TRADE_BROKER_BUY_IT_NOW = 29987
C_TRADE_BROKER_CALC_BOUGHT_ITEM = 57262
C_TRADE_BROKER_CALC_SOLD_ITEM = 29429
C_TRADE_BROKER_CLOSE = 39153
C_TRADE_BROKER_DEAL_CONFIRM = 57183
C_TRADE_BROKER_DEAL_PRICE_UPDATE = 38817
C_TRADE_BROKER_HIGHEST_ITEM_LEVEL = 62765
C_TRADE_BROKER_HISTORY_ITEM_LIST_NEW = 38550
C_TRADE_BROKER_HISTORY_ITEM_LIST_PAGE = 55849
C_TRADE_BROKER_HISTORY_ITEM_LIST_SORT = 58895
C_TRADE_BROKER_INPUT_PRICE = 64532
C_TRADE_BROKER_REGISTERED_ITEM_LIST = 33325
C_TRADE_BROKER_REGISTER_ITEM = 42826
C_TRADE_BROKER_REJECT_SUGGEST = 40993
C_TRADE_BROKER_SOLD_ITEM_LIST = 31262
C_TRADE_BROKER_SUGGEST_DEAL = 63732
C_TRADE_BROKER_UNREGISTER_ITEM = 23084
C_TRADE_BROKER_WAITING_ITEM_LIST_NEW = 44947
C_TRADE_BROKER_WAITING_ITEM_LIST_PAGE = 32018
C_TRADE_BROKER_WAITING_ITEM_LIST_SORT = 34580
C_TRANSFER_VEHICLE_EX = 61532
C_TRY_ITEM_BIDDING = 27844
C_TRY_LOOT_DROPITEM = 50245
C_TRY_TELEPORT_FIELD_EVENT = 44065
C_UNBIND_ITEM = 47882
C_UNEQUIP_ITEM = 54526
C_UNMOUNT_VEHICLE = 51226
C_UNMOUNT_VEHICLE_EX = 27036
C_UNREGISTER_ENCHANT_ITEM = 34657
C_UNREGISTER_PARTY_INFO = 25824
C_UNREGISTER_UPGRADE_ITEM = 26026
C_UNREGISTER_VM_BUY_ITEM = 61666
C_UNREGISTER_VM_SELL_ITEM = 40311
C_UNREGIST_CUSTOMIZING_PARTS_SHAPE_ITEM = 21683
C_UPDATE_CONTENTS_PLAYTIME = 37536
C_UPDATE_FRIEND_INFO = 20640
C_UPDATE_GUILD_FLAG = 46344
C_UPDATE_GUILD_LOGO = 44933
C_UPDATE_GUILD_TITLE = 24953
C_UPDATE_MY_DESCRIPTION = 43695
C_UPDATE_REACTION_POS = 42156
C_UPDATE_SKILL_SCRIPT = 43021
C_USER_AIM = 52160
C_USER_AIM_TO = 40974
C_USER_REPORT = 26547
C_USE_COUPON = 48175
C_USE_ITEM = 32703
C_USE_RIGHT_ITEM = 59228
C_VEHICLEEX_LOCATION = 24021
C_VEHICLE_EX_ARROW_HIT = 51568
C_VIEW_BATTLEFIELD_STORE = 50787
C_VIEW_BATTLE_FIELD_RESULT = 63433
C_VIEW_DUNGEONWORK_STORE = 36301
C_VIEW_GUILD_WAR = 37881
C_VIEW_INTER_PARTY_MATCH_BATTLEFIELD_LIST = 42309
C_VIEW_INTER_PARTY_MATCH_DUNGEON_LIST = 39299
C_VIEW_PARTY_INVITE = 29398
C_VIEW_WARE = 25293
C_VISIT_NEW_SECTION = 60694
C_VOTE_DISMISS_PARTY = 45616
C_VOTE_HISTORY = 28091
C_VOTE_RESET_ALL_DUNGEON = 42632
C_WATCHED_MOVIES = 55878
C_WHISPER = 23064
C_WITHDRAW_GUILD_WAR = 26823
C_WRITE_BOARD = 49684
DBS_ACCOMPLISH_USER_ACHIEVEMENT = 10241
DBS_ADD_GUILDMEMBER2 = 10199
DBS_ADD_REFER_A_FRIEND = 10407
DBS_ADD_TELEPORT_TO_POS_LIST = 10148
DBS_ADD_TUTORIAL_SIMPLE_TIP = 10340
DBS_ADD_VIP_GAME_EXP = 10298
DBS_ADMIN_USER_DAILY_ATTENDANCE = 10540
DBS_ALCHEMY = 10583
DBS_APPLY_TITLE = 10245
DBS_ASK_CHANGE_CHAR_NAME = 10314
DBS_ASK_CHANGE_GUILD_NAME = 10318
DBS_ASK_THROUGH_ARBITER_CONTRACT = 10249
DBS_BUILD_GUILD_TOWER = 10548
DBS_BUY_VIP_STORE_ITEM = 10296
DBS_CHANGE_ACCESSORY_TRANSFORM = 10324
DBS_CHANGE_CITY_WAR_STATE = 10565
DBS_CHANGE_DUAL_OPTION_IDX = 10575
DBS_CHANGE_ENCHAT_SCROLL_PASSIVE = 10433
DBS_CHANGE_EQUIPMENT_EXP = 10585
DBS_CHANGE_FACE_CUSTOM = 10326
DBS_CHANGE_GOLD_CONSUMPTION = 10162
DBS_CHANGE_ITEM_COLORING = 10360
DBS_CHANGE_ITEM_EXTERIOR = 10356
DBS_CHANGE_POLICYPOINT = 10402
DBS_CHANGE_WAREHOUSE_POS = 10107
DBS_CHECK_DAILY_ATTENDANCE = 10530
DBS_CHECK_NEW_GUILD_NAME = 10113
DBS_CHECK_PLAYTIME_REWARD = 10550
DBS_CHECK_SUMMON_FRIEND = 10409
DBS_CITY_WAR_INFO = 10558
DBS_CLEAR_INVEN = 10210
DBS_CLEAR_QUEST = 10111
DBS_CLEAR_WAREHOUSE = 10204
DBS_COLLECT_USEITEM_IN_FLOATING_CASTLE = 10520
DBS_CONDITIONAL_TELEPORT = 10174
DBS_COUPON_LIST = 10304
DBS_CREATE_GUILD2 = 10192
DBS_CREATE_NEW_CITY_WAR_LEAGUE = 10562
DBS_CREATE_PROMOTION_CONDITION = 10502
DBS_DECREASE_FEUDAL_LORD_FLAG_LIFE_TIME = 10397
DBS_DECREASE_ITEM_COLORING_LEFTTIME = 10362
DBS_DELETE_COUPON = 10308
DBS_DELETE_GUILD_TOWER = 10556
DBS_DELETE_ITEM_RECIPE_LIST = 10080
DBS_DELETE_PARCEL = 10256
DBS_DELETE_PROMOTION = 10498
DBS_DELETE_PROMOTION_CONDITION = 10506
DBS_DELETE_QUEST = 10280
DBS_DELETE_QUEST_COMPLETED = 10393
DBS_DELETE_REFER_A_FRIEND = 10408
DBS_DELETE_TELEPORT_TO_POS_LIST = 10150
DBS_DELETE_USER_ACHIEVEMENT = 10243
DBS_DONT_REPEAT_TUTORIAL_SIMPLE_TIP = 10342
DBS_DO_CHANGE_CHAR_NAME = 10316
DBS_DO_CHANGE_GUILD_NAME = 10320
DBS_DO_CHANGE_LOOK = 10322
DBS_DO_LIMITED_GACHA_WORK = 10474
DBS_ENCHANT_ITEM_BOOST = 10468
DBS_END_START_QUEST_LIST = 10039
DBS_EQUIPMENT_INHERITANCE = 10571
DBS_EQUIP_ITEM = 10258
DBS_EXCHANGE_TOKEN_ITEM_TO_POINT = 10476
DBS_FETCH_THROUGH_ARBITER_CONTRACT = 10248
DBS_GET_MONEY = 10058
DBS_GET_WAREHOUSE = 10064
DBS_GIVE_GUILD_MONEY_INCENTIVE = 10140
DBS_GIVE_QUEST_BACKUP_ITEM = 10033
DBS_GROUP_DUEL_BETTING_ITEM = 10235
DBS_GROUP_DUEL_BET_MONEY = 10214
DBS_GROUP_DUEL_RETURN = 10260
DBS_GUILD_LEARN_PERK = 10134
DBS_GUILD_RESET_PERK = 10136
DBS_INCREASE_INVENTORY_SIZE = 10300
DBS_INCREMENT_CHARACTER_EXP = 10449
DBS_INCREMENT_CHARACTER_LEVEL = 10445
DBS_INCREMENT_CHARACTER_LEVEL_JUMP = 10447
DBS_INCREMENT_CHARACTER_SOCKET = 10443
DBS_INGAMESHOP_CATEGORY_BEGIN = 10450
DBS_INGAMESHOP_CATEGORY_DATA = 10451
DBS_INGAMESHOP_CATEGORY_END = 10452
DBS_INGAMESHOP_PRODUCT_BEGIN = 10453
DBS_INGAMESHOP_PRODUCT_DATA = 10454
DBS_INGAMESHOP_PRODUCT_END = 10458
DBS_INGAMESHOP_PRODUCT_ITEMID = 10456
DBS_INGAMESHOP_PRODUCT_SUBPROD = 10457
DBS_INGAMESHOP_PRODUCT_TAG = 10455
DBS_INIT_GUILD_DATA = 10219
DBS_INIT_GUILD_GROUP = 10187
DBS_INIT_GUILD_MEMBER = 10188
DBS_INIT_GUILD_PERK_LIST = 10189
DBS_INIT_LIMIT_REMAIN_REPUTATION = 10377
DBS_INIT_SEREN_GUIDE_INFO = 10542
DBS_INSERT_FEUDAL_LORD_FLAG = 10395
DBS_INVENTORY_AUTO_SORT = 10206
DBS_ITEM_AWAKEN = 10526
DBS_ITEM_CUSTOMIZING = 10096
DBS_ITEM_DECOMPOSE = 10074
DBS_ITEM_DECOMPOSITION = 10508
DBS_ITEM_DELIVER = 10090
DBS_ITEM_ENCHANT = 10092
DBS_ITEM_ENCHANT_IDENTIFY = 10094
DBS_ITEM_EXTRACT = 10072
DBS_ITEM_FLOATING_CASTLE_PASTS_STORE = 10516
DBS_ITEM_GUILD_STORE = 10387
DBS_ITEM_MERGE = 10098
DBS_ITEM_POINT_STORE = 10385
DBS_ITEM_PRODUCE_STEP1 = 10068
DBS_ITEM_PRODUCE_STEP2 = 10070
DBS_ITEM_SIMPLE_ATOM = 10185
DBS_ITEM_SINGLE = 10086
DBS_ITEM_STORE = 10179
DBS_ITEM_TRADE = 10088
DBS_ITEM_UNBIND = 10528
DBS_ITEM_UNIDENTIFY = 10391
DBS_LEARN_ITEM_RECIPE = 10076
DBS_LIST_PARCEL = 10101
DBS_LOAD_ACCOUNT_BENEFIT = 10417
DBS_LOAD_ADDITIONAL_REWARD_RECV_COUNT = 10579
DBS_LOAD_BATTLE_FIELD_LIST = 10379
DBS_LOAD_CITY_GUILD_INFO = 10560
DBS_LOAD_CITY_TOWER_AND_PLAYER_INFO = 10557
DBS_LOAD_DUNGEON_COOL_TIME = 10333
DBS_LOAD_DUNGEON_PHASE_LEVEL = 10335
DBS_LOAD_FATIGABILITY_LIST = 10488
DBS_LOAD_FEUDAL_LORD_FLAG = 10399
DBS_LOAD_GUILD_COMPLETE = 10190
DBS_LOAD_INVITE_FRIEND = 10411
DBS_LOAD_ITEM_RECIPE = 10078
DBS_LOAD_LEARNED_SOCIAL = 10435
DBS_LOAD_LIMITED_DROP_POINT = 10480
DBS_LOAD_MASSTIGE_INFO = 10482
DBS_LOAD_PASSIVITY_COOLTIME = 10510
DBS_LOAD_PCBANG_INVEN = 10421
DBS_LOAD_PREMIUM_SLOT = 10419
DBS_LOAD_PROMOTION_CONDITION_LIST = 10500
DBS_LOAD_PROMOTION_LIST = 10494
DBS_LOAD_QUEST_LIST = 10029
DBS_LOAD_REFER_A_FRIEND_LIST = 10406
DBS_LOAD_REPUTATION_LIST = 10373
DBS_LOAD_SKILLPERIOD = 10429
DBS_LOAD_SKILL_PROF = 10082
DBS_LOAD_TELEPORT_TO_POS_LIST = 10146
DBS_LOAD_TOKEN_EXCHANGE = 10478
DBS_LOAD_TUTORIAL_SIMPLE_TIP = 10344
DBS_LOAD_USER_ACHIEVEMENT = 10231
DBS_LOAD_USER_DAILY_EVENT = 10534
DBS_LOAD_USER_RESTRICTION = 10290
DBS_LOAD_USER_VIP_INFO = 10292
DBS_MAIN_MENU_COMMAND = 10202
DBS_MAKE_PARCEL = 10103
DBS_MARK_AS_QUEST_COMPLETED = 10404
DBS_MOVE_WAREHOUSE_ITEM = 10066
DBS_NEW_FATIGABILITY = 10490
DBS_OPEN_DUAL_OPTION = 10573
DBS_OPEN_FLOATING_CASTLE_PARTS_STORE = 10518
DBS_OPERATOR_CANCEL_TERRITORY_NPC_KILL = 10350
DBS_OPERATOR_TERRITORY_NPCPARTY_RESPAWN = 10353
DBS_OPERATOR_TERRITORY_NPCTEMPLATE_RESPAWN = 10354
DBS_OPERATOR_TERRITORY_NPC_KILL = 10349
DBS_PAY_WAREHOUSE_COMMISION = 10181
DBS_PEGASUS_FEE = 10144
DBS_POLITICS_POINT_STORE = 10401
DBS_RECEIVE_PLAYTIME_REWARD = 10552
DBS_RECV_PARCEL = 10105
DBS_RENAME_TELEPORT_TO_POS_LIST = 10152
DBS_REPLY_THROUGH_ARBITER_CONTRACT = 10254
DBS_REQUEST_MEGAPHONE = 10546
DBS_REQUEST_RESET_PCBANG_INVEN = 10423
DBS_REQUEST_USE_PCBANG_INVEN = 10425
DBS_RESET_DAILY_ATTENDANCE = 10532
DBS_RESET_EXTRA_POINT_DATA = 10160
DBS_RESET_MASSTIGE_STATUS = 10486
DBS_RESET_VIP_STORE = 10294
DBS_RESTORE_ITEM_EXTERIOR = 10358
DBS_RESULT_CITY_WAR = 10568
DBS_RETURN_PARCEL = 10109
DBS_REVIVE_FOR_DUNGEON_RETRY = 10364
DBS_RIGHT_ITEM_LIST = 10310
DBS_SEND_END_THROUGH_ARBITER_CONTRACT = 10253
DBS_SET_MONEY = 10057
DBS_SET_QUESTLIST_INFO = 10035
DBS_SET_QUEST_INFO = 10031
DBS_SET_RECIPE_BOOKMARK = 10368
DBS_SET_TASK_SHOW_TOGGLE = 10037
DBS_SET_TOKEN_POINT_QA = 10484
DBS_SHARED_ACCOUNT_DATA = 10462
DBS_SIMULATE_ITEM_TOOLTIP = 10284
DBS_START_GUILD_PERK_AND_COST_GUILD_MONEY = 10138
DBS_STORE_WAREHOUSE = 10062
DBS_SYSRETURN_POSITION = 10176
DBS_TRADE_BROKER_ACCEPT_DEAL = 10273
DBS_TRADE_BROKER_BUY_IT_NOW = 10270
DBS_TRADE_BROKER_CALC_BOUGHT_ITEM = 10268
DBS_TRADE_BROKER_CALC_SOLD_ITEM = 10266
DBS_TRADE_BROKER_CANCEL_DEAL = 10282
DBS_TRADE_BROKER_REGISTER_ITEM = 10262
DBS_TRADE_BROKER_START_DEAL = 10272
DBS_TRADE_BROKER_UNREGISTER_ITEM = 10264
DBS_TURN_ON_WORK_OBJECT = 10366
DBS_TUTORIAL_END = 10389
DBS_UPDATE_ADDITIONAL_REWARD_RECV_COUNT = 10577
DBS_UPDATE_CUSTOMIZING_COMBINE_RESULT = 10522
DBS_UPDATE_DAILY_EXTRA_POINT = 10154
DBS_UPDATE_DAILY_LIMIT_EP_EXP = 10158
DBS_UPDATE_DAILY_QUEST_COMPLETE_COUNT = 10381
DBS_UPDATE_DAILY_QUEST_SEED = 10383
DBS_UPDATE_DUNGEON_RANK_RECORD = 10337
DBS_UPDATE_EVENTSYSTEM_PROGRESS = 10581
DBS_UPDATE_EXTRA_POINT = 10156
DBS_UPDATE_FATIGABILITY_POINT = 10492
DBS_UPDATE_GET_EXTRA_REWARD = 10538
DBS_UPDATE_HOLD_CHARACTER_STATUS = 10524
DBS_UPDATE_ITEM_CUSTOMEXITEM = 10470
DBS_UPDATE_PASSIVITY_COOLTIME = 10512
DBS_UPDATE_PCBANG_INVEN_COOLTIME = 10427
DBS_UPDATE_PRE_EP_INFO = 10172
DBS_UPDATE_PROMOTION = 10496
DBS_UPDATE_PROMOTION_CONDITION = 10504
DBS_UPDATE_QUEST = 10281
DBS_UPDATE_REDUCE_SKILLPERIOD = 10431
DBS_UPDATE_REPUTATION_INFO = 10375
DBS_UPDATE_SEREN_GUIDE_INFO = 10544
DBS_UPDATE_SERVER_ACHIEVEMENT = 10239
DBS_UPDATE_SKILL_PROF = 10084
DBS_UPDATE_USERAWAKENGRADE = 10587
DBS_UPDATE_USER_ACHIEVEMENT = 10233
DBS_UPDATE_USER_DAILY_EVENT_COUNT = 10536
DBS_UPDATE_USER_DATA = 10183
DBS_UPDATE_USER_INVENTORY = 10216
DBS_UPDATE_USER_MONEY = 10215
DBS_USER_CLEAR_ALL_SKILL = 10212
DBS_USER_CLEAR_ALL_SOCIAL = 10441
DBS_USER_DELETE_LAST_MOUNT_SKILL = 10130
DBS_USER_ENTERWORLD = 10041
DBS_USER_FORGET_SKILL = 10126
DBS_USER_FORGET_SOCIAL = 10439
DBS_USER_INCREASE_EP_POINT_BY_ITEM = 10170
DBS_USER_LEARN_EP_PERK = 10166
DBS_USER_LEARN_HIDE_PASSIVE_SKILL = 10132
DBS_USER_LEARN_SKILL = 10122
DBS_USER_LEARN_SKILL_FOR_MULTIPLE = 10124
DBS_USER_LEARN_SOCIAL = 10437
DBS_USER_LEAVEWORLD = 10003
DBS_USER_LOAD_EP_PERK = 10164
DBS_USER_LOAD_INVENTORY = 10142
DBS_USER_LOAD_INVENTORY2 = 10218
DBS_USER_REFRESH_INVENTORY = 10246
DBS_USER_RESET_EP_PERK = 10168
DBS_USER_RESTRICTION = 10286
DBS_USER_UPDATE_LAST_MOUNT_SKILL = 10128
DBS_USE_CHRONOSCROLL = 10371
DBS_USE_COUPON = 10306
DBS_USE_RIGHT_ITEM = 10312
DBS_VENDINGMACHINE_BUY = 10015
DBS_VENDINGMACHINE_BUYSELL = 10223
DBS_VENDINGMACHINE_BUY_CLOSE = 10017
DBS_VENDINGMACHINE_BUY_DIE = 10027
DBS_VENDINGMACHINE_BUY_EX = 10227
DBS_VENDINGMACHINE_BUY_SET = 10225
DBS_VENDINGMACHINE_BUY_SETTING = 10013
DBS_VENDINGMACHINE_BUY_SETTLE_UP = 10023
DBS_VENDINGMACHINE_CALCULATE_BUYER = 10348
DBS_VENDINGMACHINE_CALCULATE_SELLER = 10346
DBS_VENDINGMACHINE_CLEAR = 10229
DBS_VENDINGMACHINE_DESTROY = 10019
DBS_VENDINGMACHINE_LOAD = 10005
DBS_VENDINGMACHINE_LOAD2 = 10217
DBS_VENDINGMACHINE_SELL = 10009
DBS_VENDINGMACHINE_SELL_CLOSE = 10011
DBS_VENDINGMACHINE_SELL_DIE = 10025
DBS_VENDINGMACHINE_SELL_SETTING = 10007
DBS_VENDINGMACHINE_SELL_SETTLE_UP = 10021
DBS_VENDINGMACHINE_SET = 10221
DBS_VIEW_WAREHOUSE = 10060
DBS_WAREHOUSE_AUTO_SORT = 10208
DISABLE_DARK_RIFT_HUNTING_ZONE = 5338
DSA_ADD_TO_PARTY_MATCH_POOL = 5097
DSA_ADMIN_GET_DUNGEON_USER_LIST = 5603
DSA_ASK_TO_JOIN_PARTY = 5111
DSA_DEL_FROM_ALL_POOL = 5102
DSA_DEL_FROM_PARTY_MATCH_POOL = 5100
DSA_DUNGEON_CLEAR_RECORD_RESULT = 5634
DSA_DUNGEON_RANK_GET_CURRENT_TOP_SCORE = 5352
DSA_FIN_PARTY_MAKE = 5110
DSA_LOG_DUNGEON_PHASE_RECORD = 5577
DSA_LOG_FIN_PARTY_MAKE = 5123
DSA_MODIFY_ABOUT_PARTY_MATCH_POOL = 5098
DSA_MOVE_PARTY_MATCH_POOL = 5101
DSA_NOTIFY_ABOUT_DUNGEON_CLEAR = 5117
DSA_PARTY_MAKE = 5106
DSA_PRE_PARTY_MAKE = 5103
DSA_REQUEST_CHANGE_PARTY_MATCH_RULE = 5113
DSA_REQUEST_JOIN_BATTLE_FIELD = 5116
DSA_SAVE_DUNGEON_PHASE_LEVEL = 5576
DSA_START_BATTLEFIELD = 5115
DSA_SYSTEM_MESSAGE = 5119
DSA_SYSTEM_MESSAGE_USING_INTER_PARTY_MATCH = 5120
DSA_SYS_PARTY_INFO = 5121
D_UPDATE_EXP_LEVEL = 10045
D_UPDATE_LICENSE = 10043
D_UPDATE_PROF_RESULT = 10050
D_UPDATE_USER_PKDECLARECOUNT = 10052
D_UPDATE_USER_PKDECLARECOUNT2 = 10194
D_UPDATE_USER_PKPOINT = 10054
I_CLOSE_SERVER_CONNECTION = 22
I_GFX_ADMIN_COMMAND = 18
I_GFX_COMMAND = 17
I_INPUT_COMMAND = 19
I_MOVE_KEY = 20
I_SKILL_KEY = 21
I_SPAWN_BARRACK_CHARACTER = 1
I_TELEPORT = 0
M_PDH_DATA = 55353
M_PONG = 39771
PA_PING = 19200
PA_REGISTERED = 19203
PA_REPLY_ENTER_LOBBY = 19205
PC_PONG = 19001
PC_REPLY_LOGIN = 19003
PC_REPLY_SERVER_LIST = 19005
R_CAMERA_ROTATE = 4
R_PLAYER_LOCATION = 2
R_TELEPORT_REPLAY_LOCATION = 3
SA_ADD_DUNGEON_CHANNEL = 5064
SA_ADD_ELECTION_POINT_LORD_GUILDWAR = 5269
SA_ADD_SERVANT_DATA = 5436
SA_ADD_TO_INTER_PARTY_MATCH_POOL = 5033
SA_ADMIN_CALL_DIFFERENT_WORLD_USER = 5350
SA_ADMIN_CHAT_BAN = 5491
SA_ADMIN_DELETE_GUILD_TOWER = 5596
SA_ADMIN_HOLD_CHARACTER = 5490
SA_ADMIN_REQUEST_USERACTION = 10276
SA_AM_I_WORLD_CONTROL_ARBITER = 5484
SA_ANS_PET_OWNER_INFO_FOR_VANISH = 5317
SA_ASK_CHANGE_MAX_PROF_LIMIT = 5465
SA_ASK_LOAD_CONTINENT_CHANNEL_INFO = 5459
SA_ASK_WA_ADD_CONTINENT_CHANNEL_COUNT = 5461
SA_AVAILABLE_EVENT_MATCHING_LIST = 5395
SA_BANISH_GUILD_MEMBER = 5135
SA_BATTLE_FIELD_VIEW_LIST = 5397
SA_BROADACST_CITY_WAR_SEASON_HISTROY = 5578
SA_BROADACST_TAX_INFO = 5581
SA_BROADCAST_DELETE_NPC_MINI_MAP = 5415
SA_BROADCAST_FLOATING_CASTLE_INFO = 5518
SA_BROADCAST_FLOATING_CASTLE_NAMEPLATE = 5520
SA_BROADCAST_SHOW_NPC_MINI_MAP = 5414
SA_BROADCAST_SYSTEM_MESSAGE_TO_GUILD = 5190
SA_BROADCAST_SYSTEM_MESSAGE_TO_WHOLE_WORLD = 5188
SA_BROADCAST_SYSTEM_MESSAGE_TO_WHOLE_WORLD_NOT_IN_SPECIAL_PLACE = 5189
SA_BUY_VILLAGER_BUFF = 5216
SA_BYPASS_TO_CLIENT = 5126
SA_BYPASS_TO_GROUP = 5127
SA_CALC_BATTLE_FIELD_RANKING_NEXT_TIME = 5092
SA_CALC_BATTLE_FIELD_SEASON_NEXT_TIME = 5093
SA_CHANGE_CHARACTER = 5192
SA_CHANGE_GUILDGROUP = 5146
SA_CHANGE_GUILD_CHIEF = 5137
SA_CHANGE_LOOTING_METHOD = 5021
SA_CHANGE_PARTY_MANAGER = 5019
SA_CHANGE_PARTY_MEMBER_AUTHORITY = 5020
SA_CHAR_LOC = 5201
SA_CHECK_MANUAL_PARTY_MATCH_ENTER_DUNGEON = 5635
SA_CITYWAR_WARNING_UNDERATTACK = 5594
SA_CLEAR_BATTLE_FIELD_ENTER_COUNT = 5456
SA_CREATE_GROUP_DUEL_PARTY = 5094
SA_CREATE_GUILD_GROUP = 5141
SA_CREST_ALL_CLEAR = 5242
SA_CREST_LEARN = 5228
SA_CREST_POINT = 5232
SA_CREST_UPGRADE = 5240
SA_CREST_USE = 5236
SA_CREST_USE_CLEAR = 5238
SA_CREST_USE_LIST = 5234
SA_DAILY_EVENT_COMPLETE = 5499
SA_DARK_RIFT_AVAILABLE_QUEST_USER_COUNT = 5333
SA_DARK_RIFT_CHANGE_AREA_WORLD_NOTI = 5328
SA_DARK_RIFT_CLEAR_ALL_SPAWNED_EVENT_GROUP_INFO = 5347
SA_DARK_RIFT_DESPAWN_WORLD_NOTI = 5331
SA_DARK_RIFT_EVENT_CLOSE = 5337
SA_DARK_RIFT_EVENT_GROUP_SPAWNED = 5346
SA_DARK_RIFT_EVENT_OPEN = 5336
SA_DARK_RIFT_EVENT_UPDATE_CONCURRENT_SPAWN_COUNT = 5348
SA_DARK_RIFT_EVENT_UPDATE_SPAWNABLE_COUNT = 5344
SA_DARK_RIFT_EVENT_ZONE_EXTRA_INSTANCE_OPENED = 5349
SA_DARK_RIFT_MAIN_DEFENCE_CHANGE_HP = 5332
SA_DARK_RIFT_RESERVATION_TIME_LIST = 5393
SA_DARK_RIFT_RESTORATION_FAILED_INSTANCE_LIST = 5345
SA_DARK_RIFT_SPAWN_WORLD_NOTI = 5330
SA_DECLARE_GUILD_WAR = 5292
SA_DELETE_DUNGEON_COOLTIME = 5056
SA_DELETE_TCAT_ITEM_SALE_INFO = 5091
SA_DEL_FROM_INTER_PARTY_MATCH_POOL = 5034
SA_DESTROY_GUILD = 5131
SA_DISMISS_PARTY = 5015
SA_DUMMY_PACKET = 5129
SA_END_NPC_SPAWN_EVENT = 5563
SA_ENTER_BATTLE_FIELD = 5070
SA_ENTER_WORLD = 5004
SA_ENTER_WORLD_FAIL = 5005
SA_EVENT_HUNTINGBONUS_ITEMADDED = 10472
SA_EVENT_HUNTINGBONUS_ITEMRESULT = 10466
SA_EXTEND_PARTY = 5017
SA_GATHER_USER_LIST_BY_DISTANCE = 5320
SA_GIVE_FIELD_EVENT_CLEAR_REWARD = 5633
SA_GIVE_UP_GUILD_WAR = 5299
SA_GMEVENT_CHANGE_JOIN_COUNT = 5619
SA_GMEVENT_CHANGE_STATUS = 5613
SA_GMEVENT_OFF_GUIDE_MESSAGE = 5605
SA_GMEVENT_REQUEST_OX_QUIZ = 5610
SA_GMEVENT_REQUEST_REWARD = 5608
SA_GMEVENT_SEND_GUIDE_MESSAGE = 5604
SA_GM_NOTIFY = 5069
SA_GUILD_QUEST_EVENT_MESSAGE = 5213
SA_GUILD_WAR_INFO = 5303
SA_INC_GUILD_ACCOUNT_LIMIT = 5155
SA_INSERT_LIMITED_DROP_GAUGE_INFO = 5472
SA_INSERT_TCAT_ITEM_SALE_INFO = 5090
SA_JOIN_PARTY = 5013
SA_JOIN_PARTY_IN_ARBITER = 5035
SA_KICK_PARTY = 5016
SA_LEARN_ALL_CREST_ACQUIRABLE = 5230
SA_LEAVE_GUILD = 5133
SA_LEAVE_PARTY = 5014
SA_LEAVE_WORLD = 5011
SA_LEVEL_UP_EVENT = 5508
SA_LOAD_BATTLE_FIELD_COOL_TIME = 5420
SA_LOAD_BATTLE_FIELD_ENTER_COUNT = 5451
SA_LOAD_EVENT_MATCHING_INFO = 5498
SA_LOAD_EXTRAPOINT_DATA = 5442
SA_LOAD_FLOATINGCASTLE = 5510
SA_LOAD_GUARD = 5256
SA_LOAD_GUILD = 5130
SA_LOAD_POLITICS_UNIT = 5446
SA_LOAD_SERVANT_DATA = 5434
SA_LOG_QUEST_END = 5494
SA_MAKE_SYS_PARCEL = 5252
SA_MATCH_BATTLE_FIELD_GM_REQUEST = 5089
SA_MERGE_PARTY_TO_RAID = 5036
SA_NPC_ARENA_STATE_CHECK = 5477
SA_OPEN_DARK_RIFT_WORLD_NOTI = 5329
SA_PARTY_MAKE_RESULT_FROM_INSTANCE_SERVER = 5109
SA_PERIOD_ITEM_EXPIRED_RESULT = 5324
SA_PET_ALERT = 5176
SA_PET_CALL = 5158
SA_PET_DISMISS = 5160
SA_PET_DUR = 5173
SA_PET_INCUBATOR_COMPLETE = 5184
SA_PET_INCUBATOR_SLOT = 5178
SA_PET_INCUBATOR_START = 5182
SA_PET_INCUBATOR_TAKEALL = 5180
SA_PET_ITEM_EQUIP = 5162
SA_PET_ITEM_UNEQUIP = 5164
SA_PET_LOAD = 5156
SA_PET_ORB_CHANGE = 5166
SA_PET_REPAIR = 5168
SA_PET_STOP = 5170
SA_PING = 5000
SA_PUSH_GUILD_BUFF = 5223
SA_QA_DELETE_GUILD_TOWER = 5597
SA_QUERY_TO_ARBITER_FOR_BAN_PARTY_MEMBER = 5040
SA_RAISE_GUILD_WAR = 5295
SA_REGISTER = 5002
SA_REGISTER_WORLD_COMMAND = 5210
SA_REG_PERIOD_ITEM = 5322
SA_RELAY_LOG = 5321
SA_REMOVE_DUNGEON_CHANNEL = 5065
SA_REMOVE_GUILD_GROUP = 5143
SA_REPLY_OTHER_SERVER_ITEM_TOOLTIP = 5417
SA_REPORT_CHEATER = 5626
SA_REQEUST_RESET_DUNGEON = 5467
SA_REQUEST_BATTLE_FIELD_USER_INFO = 5073
SA_REQUEST_CHRONOSCROLL_USE = 5418
SA_REQUEST_DUNGEON_PHASE_USER_RESET = 5573
SA_REQUEST_END_GUILD_WAR = 5300
SA_REQUEST_ENTER_CITY_WAR = 5582
SA_REQUEST_ENTER_CITY_WAR_GUILD_TOWER_BY_ITEM = 5584
SA_REQUEST_ENTER_DUNGEON = 5057
SA_REQUEST_LEAVE_DUNGEON = 5061
SA_REQUEST_LORD_REGISTER_WINDOW = 5250
SA_REQUEST_SEND_SKILL_SCRIPT_LIST = 5533
SA_REQUEST_SHOW_POLICY_WINDOW = 5254
SA_REQUEST_SHOW_TAX_WINDOW = 5255
SA_REQUEST_START_FESTIVAL = 5289
SA_REQUEST_START_GUILD_QUEST = 5215
SA_REQUEST_START_GUILD_WAR = 5301
SA_REQUEST_STOP_FESTIVAL = 5290
SA_REQUSET_TOKEN_EXCHANGE_DATASHEET_RELOAD = 5473
SA_RESET_ALL_FIELD_POINT = 5200
SA_RESET_AND_ENTER_DUNGEON = 5480
SA_RESET_DARK_RIFT_DAILY_COMPLETED = 5340
SA_RESPONSE_ENTER_DUNGEON = 5059
SA_REWARD_CITYWAR_KILL_DEATH_COUNT = 5599
SA_SEND_CHAR_LOC = 5012
SA_SEND_MESSAGE_TO_WORLD_USER = 5270
SA_SEND_PARTY_MEMBER_INTERVAL_POS = 5038
SA_SEND_PARTY_MEMBER_UPDATE_INFO = 5039
SA_SEND_SYSTEM_MESSAGE_LOOT_ITEM_TO_ACCOUNT_USER = 5194
SA_SEND_SYSTEM_MESSAGE_TO_ACCOUNT_USER = 5193
SA_SERVANT_SKILL_INFO = 5463
SA_SET_GUILDGROUP_AUTHORITY = 5139
SA_SET_USERS_POS = 5187
SA_SPAWN_BUILD_OBJECT = 5495
SA_START_CHANGE_APPEARANCE = 5282
SA_START_GUILD_WAR = 5297
SA_STORYGROUP_QUEST_COMPLETE = 5500
SA_SUMMON_MY_LOCATION = 5195
SA_SWAP_PARTY = 5018
SA_SYNC_DATE_TIME = 5540
SA_TELEPORT = 5203
SA_TELEPORT_CITY_WAR = 5590
SA_TELEPORT_CITY_WAR_GUILD_TOWER_BY_ITEM = 5592
SA_TEST_PACKET = 10329
SA_TO_DETECT_BOT_HUNT = 5431
SA_TO_DETECT_BOT_INVALIDSTARTPOS = 5433
SA_TO_DETECT_BOT_PLAYTICK = 5432
SA_TRADE_BROKER_DEAL_OPEN = 5220
SA_TRADE_BROKER_OPEN = 5218
SA_TRY_TO_LEAVE_WORLD = 5009
SA_UPDATE_BATTLEFIELD_JACKPOT_EVENT_STATE = 5366
SA_UPDATE_BATTLE_FIELD_COOL_TIME = 5422
SA_UPDATE_BATTLE_FIELD_ENTER_COUNT = 5453
SA_UPDATE_CAPACITY_POINT = 5469
SA_UPDATE_DARK_RIFT_DAILY_COMPLETED = 5342
SA_UPDATE_DUNGEON_CLEAR_COUNT = 5050
SA_UPDATE_DUNGEON_COOLTIME = 5049
SA_UPDATE_DUNGEON_UI_HISTORY = 5051
SA_UPDATE_EVENT_MATCHING_ADD_REWARD_RESETTIME = 5506
SA_UPDATE_FIELD_POINT = 5197
SA_UPDATE_FIELD_POINT_RECEIVED_INDEX = 5199
SA_UPDATE_FLOATING_CASTLE_AUTHORITY = 5524
SA_UPDATE_FLOATING_CASTLE_COST_STATE = 5522
SA_UPDATE_FLOATING_CASTLE_PARTS = 5519
SA_UPDATE_FRIENDSHIP_FOR_BATTLE_FIELD = 5532
SA_UPDATE_FRIENDSHIP_FOR_DUNGEON_CLEAR = 5531
SA_UPDATE_FRIENDSHIP_TO_MONSTER_KILL_COUNT = 5530
SA_UPDATE_GAUGE_END = 5471
SA_UPDATE_GUILD_MEMBER = 5150
SA_UPDATE_GUILD_WAR_MONEY = 5306
SA_UPDATE_LORD_ACHIEVEMENT_FAILED = 5266
SA_UPDATE_LORD_ELECTION_DEFEATED_ACHIEVEMENT_FAILED = 5314
SA_UPDATE_MAKRER_END = 5470
SA_UPDATE_ONGOING_HUNTING_EVENT_NOTICE = 5383
SA_UPDATE_PLAYGUIDE_EXTRA_REWARD_RESETTIME = 5504
SA_UPDATE_RANK_USERNAME = 5631
SA_UPDATE_RETURN_USER_REWARD_INFO = 5545
SA_UPDATE_SERVANT_DATA = 5440
SA_UPDATE_SERVANT_NAME = 5438
SA_UPDATE_SKILL_CHEATER_CONFIG = 5628
SA_UPDATE_SKILL_COOLTIME = 5621
SA_UPDATE_USER_ATTENDANCE_EVENT_COMPENSATION_INFO = 5543
SA_UPDATE_USER_STATUS = 5275
SA_UPDATE_VOTE_COOL_TIME = 5425
SA_USER_CHANGE_CLASS_RACE_GENDER = 10463
SA_USER_NOCTAN = 5244
SA_USER_ON_SPAWN_COMPLETE = 5526
SA_WATCH_MOVIE = 5450
SDB_ACCOMPLISH_USER_ACHIEVEMENT = 10240
SDB_ADD_GROUP_DUEL_USER_LOG = 10238
SDB_ADD_GUILDMEMBER2 = 10198
SDB_ADD_PK_USER_LOG = 10237
SDB_ADD_PVP_USER_LOG = 10236
SDB_ADD_TAX = 10569
SDB_ADD_TELEPORT_TO_POS_LIST = 10147
SDB_ADD_TUTORIAL_SIMPLE_TIP = 10339
SDB_ADD_VIP_GAME_EXP = 10297
SDB_ADMIN_USER_DAILY_ATTENDANCE = 10539
SDB_ALCHEMY = 10582
SDB_APPLY_TITLE = 10244
SDB_ASK_CHANGE_CHAR_NAME = 10313
SDB_ASK_CHANGE_GUILD_NAME = 10317
SDB_ASK_CURRENT_HANCOIN_AMOUNT = 10459
SDB_ASK_THROUGH_ARBITER_CONTRACT = 10250
SDB_BUILD_GUILD_TOWER = 10547
SDB_BUY_VIP_STORE_ITEM = 10295
SDB_CANCEL_NPC_ARENA_BET = 10514
SDB_CASH_ITEM_LOG = 10369
SDB_CHANGE_ACCESSORY_TRANSFORM = 10323
SDB_CHANGE_CITY_WAR_PROCESS_TIME = 10564
SDB_CHANGE_CITY_WAR_STATE = 10563
SDB_CHANGE_DUAL_OPTION_IDX = 10574
SDB_CHANGE_ENCHAT_SCROLL_PASSIVE = 10432
SDB_CHANGE_EQUIPMENT_EXP = 10584
SDB_CHANGE_FACE_CUSTOM = 10325
SDB_CHANGE_GOLD_CONSUMPTION = 10161
SDB_CHANGE_ITEM_COLORING = 10359
SDB_CHANGE_ITEM_EXTERIOR = 10355
SDB_CHANGE_WAREHOUSE_POS = 10106
SDB_CHECK_DAILY_ATTENDANCE = 10529
SDB_CHECK_NEW_GUILD_NAME = 10112
SDB_CHECK_PLAYTIME_REWARD = 10549
SDB_CHECK_SUMMON_FRIEND = 10410
SDB_CLEAR_QUEST = 10110
SDB_CLEAR_WAREHOUSE = 10203
SDB_COLLECT_USEITEM_IN_FLOATING_CASTLE = 10519
SDB_CONDITIONAL_TELEPORT = 10173
SDB_COUPON_LIST = 10303
SDB_CREATE_GUILD2 = 10191
SDB_CREATE_NEW_CITY_WAR_LEAGUE = 10561
SDB_CREATE_PROMOTION_CONDITION = 10501
SDB_DECREASE_FEUDAL_LORD_FLAG_LIFE_TIME = 10396
SDB_DECREASE_ITEM_COLORING_LEFTTIME = 10361
SDB_DELETE_COUPON = 10307
SDB_DELETE_GUILD_TOWER = 10555
SDB_DELETE_ITEM_RECIPE_LIST = 10079
SDB_DELETE_PARCEL = 10255
SDB_DELETE_PROMOTION = 10497
SDB_DELETE_PROMOTION_CONDITION = 10505
SDB_DELETE_QUEST_COMPLETED = 10392
SDB_DELETE_TELEPORT_TO_POS_LIST = 10149
SDB_DELETE_USER_ACHIEVEMENT = 10242
SDB_DONT_REPEAT_TUTORIAL_SIMPLE_TIP = 10341
SDB_DO_CHANGE_CHAR_NAME = 10315
SDB_DO_CHANGE_GUILD_NAME = 10319
SDB_DO_CHANGE_LOOK = 10321
SDB_DO_LIMITED_GACHA_WORK = 10473
SDB_ENCHANT_ITEM_BOOST = 10467
SDB_END_START_QUEST_LIST = 10038
SDB_EQUIPMENT_INHERITANCE = 10570
SDB_EQUIP_ITEM = 10257
SDB_EXCHANGE_TOKEN_ITEM_TO_POINT = 10475
SDB_FETCH_THROUGH_ARBITER_CONTRACT = 10247
SDB_GET_MONEY = 10056
SDB_GET_WAREHOUSE = 10063
SDB_GIVE_GUILD_MONEY_INCENTIVE = 10139
SDB_GIVE_INVITE_COMPENSATION = 10415
SDB_GIVE_QUEST_BACKUP_ITEM = 10032
SDB_GROUP_DUEL_BETTING_ITEM = 10234
SDB_GROUP_DUEL_BET_MONEY = 10213
SDB_GROUP_DUEL_RETURN = 10259
SDB_GUILD_LEARN_PERK = 10133
SDB_GUILD_RESET_PERK = 10135
SDB_INCREASE_INVENTORY_SIZE = 10299
SDB_INCREMENT_CHARACTER_EXP = 10448
SDB_INCREMENT_CHARACTER_LEVEL = 10444
SDB_INCREMENT_CHARACTER_LEVEL_JUMP = 10446
SDB_INCREMENT_CHARACTER_SOCKET = 10442
SDB_INIT_GUILD = 10186
SDB_INIT_LIMIT_REMAIN_REPUTATION = 10376
SDB_INIT_SEREN_GUIDE_INFO = 10541
SDB_INSERT_FEUDAL_LORD_FLAG = 10394
SDB_INVENTORY_AUTO_SORT = 10205
SDB_INVITE_FRIEND_EXPIRE_TIME_END = 10414
SDB_ITEM_AWAKEN = 10525
SDB_ITEM_CUSTOMIZING = 10095
SDB_ITEM_DECOMPOSE = 10073
SDB_ITEM_DECOMPOSITION = 10507
SDB_ITEM_DELIVER = 10089
SDB_ITEM_ENCHANT = 10091
SDB_ITEM_ENCHANT_IDENTIFY = 10093
SDB_ITEM_EXTRACT = 10071
SDB_ITEM_FLOATING_CASTLE_PASTS_STORE = 10515
SDB_ITEM_GUILD_STORE = 10386
SDB_ITEM_MERGE = 10097
SDB_ITEM_POINT_STORE = 10384
SDB_ITEM_PRODUCE_STEP1 = 10067
SDB_ITEM_PRODUCE_STEP2 = 10069
SDB_ITEM_SIMPLE_ATOM = 10184
SDB_ITEM_SINGLE = 10085
SDB_ITEM_STORE = 10178
SDB_ITEM_TRADE = 10087
SDB_ITEM_TRADE_LOG = 10200
SDB_ITEM_UNBIND = 10527
SDB_ITEM_UNIDENTIFY = 10390
SDB_LEARN_ITEM_RECIPE = 10075
SDB_LIST_PARCEL = 10100
SDB_LOAD_ACCOUNT_BENEFIT = 10416
SDB_LOAD_ADDITIONAL_REWARD_RECV_COUNT = 10578
SDB_LOAD_BATTLE_FIELD_LIST = 10378
SDB_LOAD_CITY_GUILD_INFO = 10559
SDB_LOAD_CITY_TOWER_AND_PLAYER_INFO = 10554
SDB_LOAD_CITY_WAR_SEASON_INFO = 10553
SDB_LOAD_DUNGEON_COOL_TIME = 10332
SDB_LOAD_DUNGEON_PHASE_LEVEL = 10334
SDB_LOAD_FATIGABILITY_LIST = 10487
SDB_LOAD_FEUDAL_LORD_FLAG = 10398
SDB_LOAD_INVITE_FRIEND = 10412
SDB_LOAD_ITEM_RECIPE = 10077
SDB_LOAD_LEARNED_SOCIAL = 10434
SDB_LOAD_LIMITED_DROP_POINT = 10479
SDB_LOAD_MASSTIGE_INFO = 10481
SDB_LOAD_PASSIVITY_COOLTIME = 10509
SDB_LOAD_PCBANG_INVEN = 10420
SDB_LOAD_PREMIUM_SLOT = 10418
SDB_LOAD_PROMOTION_CONDITION_LIST = 10499
SDB_LOAD_PROMOTION_LIST = 10493
SDB_LOAD_QUEST_LIST = 10028
SDB_LOAD_REFER_A_FRIEND_LIST = 10405
SDB_LOAD_REPUTATION_LIST = 10372
SDB_LOAD_SKILLPERIOD = 10428
SDB_LOAD_SKILL_PROF = 10081
SDB_LOAD_TELEPORT_TO_POS_LIST = 10145
SDB_LOAD_TOKEN_EXCHANGE = 10477
SDB_LOAD_TUTORIAL_SIMPLE_TIP = 10343
SDB_LOAD_USER_ACHIEVEMENT = 10230
SDB_LOAD_USER_DAILY_EVENT = 10533
SDB_LOAD_USER_RESTRICTION = 10289
SDB_LOAD_USER_VIP_INFO = 10291
SDB_MAIN_MENU_COMMAND = 10201
SDB_MAKE_PARCEL = 10102
SDB_MARK_AS_QUEST_COMPLETED = 10403
SDB_MOVE_WAREHOUSE_ITEM = 10065
SDB_NEW_FATIGABILITY = 10489
SDB_NPC_ARENA_BET = 10513
SDB_OPEN_DUAL_OPTION = 10572
SDB_OPEN_FLOATING_CASTLE_PARTS_STORE = 10517
SDB_OPERATOR_TERRITORY_NPC_KILL = 10351
SDB_OPERATOR_TERRITORY_NPC_KILL_CANCEL = 10352
SDB_PAY_WAREHOUSE_COMMISION = 10180
SDB_PEGASUS_FEE = 10143
SDB_PING = 10000
SDB_POLITICS_POINT_STORE = 10400
SDB_PUBLISH_INVITE_CODE = 10413
SDB_RECEIVE_PLAYTIME_REWARD = 10551
SDB_RECV_PARCEL = 10104
SDB_RENAME_TELEPORT_TO_POS_LIST = 10151
SDB_REQUEST_BUY_PRODUCTID = 10460
SDB_REQUEST_MEGAPHONE = 10545
SDB_REQUEST_RESET_PCBANG_INVEN = 10422
SDB_REQUEST_SEND_PAPERDOLL = 10301
SDB_REQUEST_SEND_QUESTJOURNAL = 10302
SDB_REQUEST_USE_PCBANG_INVEN = 10424
SDB_RESET_DAILY_ATTENDANCE = 10531
SDB_RESET_EXTRA_POINT_DATA = 10159
SDB_RESET_MASSTIGE_STATUS = 10485
SDB_RESET_VIP_STORE = 10293
SDB_RESTORE_ITEM_EXTERIOR = 10357
SDB_RESULT_CITY_WAR = 10567
SDB_RETURN_HOME_WITH_SYSRETURN = 10175
SDB_RETURN_PARCEL = 10108
SDB_REVIVE_FOR_DUNGEON_RETRY = 10363
SDB_RIGHT_ITEM_LIST = 10309
SDB_SEND_BEGIN_THROUGH_ARBITER_CONTRACT = 10251
SDB_SEND_CAMP_TELEPORT = 10209
SDB_SEND_END_THROUGH_ARBITER_CONTRACT = 10252
SDB_SET_MONEY = 10055
SDB_SET_QUESTLIST_INFO = 10034
SDB_SET_QUEST_INFO = 10030
SDB_SET_RECIPE_BOOKMARK = 10367
SDB_SET_SYSRETURN_POSITION = 10177
SDB_SET_TASK_SHOW_TOGGLE = 10036
SDB_SET_TOKEN_POINT_QA = 10483
SDB_SHARED_ACCOUNT_DATA = 10461
SDB_SIMULATE_ITEM_TOOLTIP = 10285
SDB_START_GUILD_PERK_AND_COST_GUILD_MONEY = 10137
SDB_STORE_WAREHOUSE = 10061
SDB_TRADE_BROKER_BUY_IT_NOW = 10269
SDB_TRADE_BROKER_CALC_BOUGHT_ITEM = 10267
SDB_TRADE_BROKER_CALC_SOLD_ITEM = 10265
SDB_TRADE_BROKER_CANCEL_DEAL = 10274
SDB_TRADE_BROKER_REGISTER_ITEM = 10261
SDB_TRADE_BROKER_START_DEAL = 10271
SDB_TRADE_BROKER_UNREGISTER_ITEM = 10263
SDB_TURN_ON_WORK_OBJECT = 10365
SDB_TUTORIAL_END = 10388
SDB_UPDATE_ADDITIONAL_REWARD_RECV_COUNT = 10576
SDB_UPDATE_CITY_WAR_INFO = 10566
SDB_UPDATE_CUSTOMIZING_COMBINE_RESULT = 10521
SDB_UPDATE_DAILY_EXTRA_POINT = 10153
SDB_UPDATE_DAILY_LIMIT_EP_EXP = 10157
SDB_UPDATE_DAILY_QUEST_COMPLETE_COUNT = 10380
SDB_UPDATE_DAILY_QUEST_SEED = 10382
SDB_UPDATE_DUNGEON_RANK_RECORD = 10336
SDB_UPDATE_EVENTSYSTEM_PROGRESS = 10580
SDB_UPDATE_EXTRA_POINT = 10155
SDB_UPDATE_FATIGABILITY_POINT = 10491
SDB_UPDATE_GET_EXTRA_REWARD = 10537
SDB_UPDATE_HOLD_CHARACTER_STATUS = 10523
SDB_UPDATE_ITEM_CUSTOMEXITEM = 10469
SDB_UPDATE_PASSIVITY_COOLTIME = 10511
SDB_UPDATE_PCBANG_INVEN_COOLTIME = 10426
SDB_UPDATE_PRE_EP_INFO = 10171
SDB_UPDATE_PROMOTION = 10495
SDB_UPDATE_PROMOTION_CONDITION = 10503
SDB_UPDATE_REDUCE_SKILLPERIOD = 10430
SDB_UPDATE_REPUTATION_INFO = 10374
SDB_UPDATE_SEREN_GUIDE_INFO = 10543
SDB_UPDATE_SKILL_PROF = 10083
SDB_UPDATE_USERAWAKENGRADE = 10586
SDB_UPDATE_USERDATA = 10099
SDB_UPDATE_USER_ACHIEVEMENT = 10232
SDB_UPDATE_USER_DAILY_EVENT_COUNT = 10535
SDB_UPDATE_USER_DATA = 10182
SDB_USER_CLEAR_ALL_SKILL = 10211
SDB_USER_CLEAR_ALL_SOCIAL = 10440
SDB_USER_DELETE_LAST_MOUNT_SKILL = 10129
SDB_USER_ENTERWORLD = 10001
SDB_USER_FORGET_SKILL = 10125
SDB_USER_FORGET_SOCIAL = 10438
SDB_USER_INCREASE_EP_POINT_BY_ITEM = 10169
SDB_USER_LEARN_EP_PERK = 10165
SDB_USER_LEARN_HIDE_PASSIVE_SKILL = 10131
SDB_USER_LEARN_SKILL = 10121
SDB_USER_LEARN_SKILL_FOR_MULTIPLE = 10123
SDB_USER_LEARN_SOCIAL = 10436
SDB_USER_LEAVEWORLD = 10002
SDB_USER_LOAD_EP_PERK = 10163
SDB_USER_LOAD_INVENTORY = 10141
SDB_USER_RESET_EP_PERK = 10167
SDB_USER_UPDATE_LAST_MOUNT_SKILL = 10127
SDB_USER_VAPORIZED = 10283
SDB_USE_CHRONOSCROLL = 10370
SDB_USE_COUPON = 10305
SDB_USE_RIGHT_ITEM = 10311
SDB_VENDINGMACHINE_BUY = 10014
SDB_VENDINGMACHINE_BUYSELL = 10222
SDB_VENDINGMACHINE_BUY_CLOSE = 10016
SDB_VENDINGMACHINE_BUY_DIE = 10026
SDB_VENDINGMACHINE_BUY_EX = 10226
SDB_VENDINGMACHINE_BUY_SET = 10224
SDB_VENDINGMACHINE_BUY_SETTING = 10012
SDB_VENDINGMACHINE_BUY_SETTLE_UP = 10022
SDB_VENDINGMACHINE_CALCULATE_BUYER = 10347
SDB_VENDINGMACHINE_CALCULATE_SELLER = 10345
SDB_VENDINGMACHINE_CLEAR = 10228
SDB_VENDINGMACHINE_DESTROY = 10018
SDB_VENDINGMACHINE_LOAD = 10004
SDB_VENDINGMACHINE_SELL = 10008
SDB_VENDINGMACHINE_SELL_CLOSE = 10010
SDB_VENDINGMACHINE_SELL_DIE = 10024
SDB_VENDINGMACHINE_SELL_SETTING = 10006
SDB_VENDINGMACHINE_SELL_SETTLE_UP = 10020
SDB_VENDINGMACHINE_SET = 10220
SDB_VENDINGMACHINE_STOP = 10330
SDB_VIEW_WAREHOUSE = 10059
SDB_VISIT_ALL_SECTIONS = 10287
SDB_WAREHOUSE_AUTO_SORT = 10207
S_ABNORMALITY_BEGIN = 34233
S_ABNORMALITY_DAMAGE_ABSORB = 31779
S_ABNORMALITY_END = 60761
S_ABNORMALITY_EXTRA = 59106
S_ABNORMALITY_FAIL = 34166
S_ABNORMALITY_REFRESH = 25095
S_ABNORMALITY_RESIST = 63238
S_ABNORMALITY_SCALE_UP = 59839
S_ACCEPT_CONTRACT = 48763
S_ACCOMPLISH_ACHIEVEMENT = 45914
S_ACCOUNT_BENEFIT_LIST = 31094
S_ACCOUNT_PACKAGE_LIST = 31498
S_ACTION_END = 39437
S_ACTION_STAGE = 25937
S_ACTIVATE_BATTLE_FIELD_CHAT_BAN = 59835
S_ADD_AWAKEN_CHANGE_DATA = 64076
S_ADD_AWAKEN_ENCHANT_DATA = 35324
S_ADD_BLOCKED_USER = 60213
S_ADD_CHARM_STATUS = 29025
S_ADD_CRYSTAL_COMBINE_MATERIAL = 50318
S_ADD_FRIEND = 52685
S_ADD_GUILD_GROUP = 43706
S_ADD_GUILD_MEMBER = 55054
S_ADD_INTER_PARTY_MATCH_POOL = 22912
S_ADD_NEW_EVENT_MATCHING_QUEST = 37633
S_ADD_TO_TEMPER_MATERIAL_EX = 56518
S_ADD_TRADE_BAG = 38885
S_ADMIN_CHECK_USERNAME = 55798
S_ADMIN_CUSTOM_BOOKMARK_LIST = 50450
S_ADMIN_DEFAULT_BOOKMARK_LIST = 59998
S_ADMIN_DELETE_QUEST = 23181
S_ADMIN_GET_DUNGEON_USER_LIST = 58407
S_ADMIN_GET_USERINFO_INVEN = 54935
S_ADMIN_GET_USERINFO_PAPERDOLL = 60856
S_ADMIN_GET_USERINFO_QUEST = 20995
S_ADMIN_GET_USERINFO_SKILL = 61112
S_ADMIN_GET_USERINFO_WAREHOUSE = 21533
S_ADMIN_GET_USER_INFO_BY_DBID = 21542
S_ADMIN_GET_USER_INFO_LIST_BY_DISTANCE = 33482
S_ADMIN_GMEVENT_STATUS = 59328
S_ADMIN_GM_SKILL = 22653
S_ADMIN_HOLD_CHARACTER = 31061
S_ADMIN_NOTICE = 45709
S_ADMIN_PRIVILEGE = 54939
S_ADMIN_VIP_TEST = 54782
S_ADMIN_WARNING_MESSAGE = 46065
S_AERO = 30818
S_AIR_REACTION_END = 41370
S_ANNOUNCE_MESSAGE = 44834
S_ANNOUNCE_UPDATE_NOTIFICATION = 53983
S_ANSWER_INTERACTIVE = 41961
S_APPLY_TITLE = 53460
S_ARENA_END_FIGHT = 43014
S_ARENA_FIGHTER_CHANGE_HP = 34263
S_ARENA_FIGHT_ABNORMALITY_BEGIN = 59705
S_ARENA_FIGHT_ABNORMALITY_END = 54487
S_ARENA_FIGHT_ABNORMALITY_REFRESH = 46502
S_ARENA_OPTIMIZATION = 34926
S_ARENA_RESULT = 56541
S_ARENA_START_FIGHT = 55137
S_ARTISAN_RECIPE_LIST = 20538
S_ARTISAN_SKILL_LIST = 29867
S_ASK_BANNING_PARTY_MEMBER = 27860
S_ASK_BIDDING_RARE_ITEM = 52986
S_ASK_CODE_HASH = 49030
S_ASK_EXPAND_INVEN_SIZE = 59521
S_ASK_INTER_PARTY_MAKE = 53715
S_ASK_QUEST_SHARE = 40660
S_ASK_TELEPORT = 35820
S_ATTENDANCE_CHECK = 37961
S_ATTENDANCE_EVENT_REWARD_COUNT = 36569
S_AVAILABLE_EVENT_MATCHING_LIST = 60235
S_AVAILABLE_SOCIAL_LIST = 28571
S_AWAKEN_RESULT = 37954
S_AWESOMIUM_DEBUG_MODE = 20657
S_BANISH_GUILD_MEMBER = 22358
S_BAN_PARTY = 35679
S_BAN_PARTY_MEMBER = 41499
S_BATTLE_FIELD_ADD_SCORE = 29842
S_BATTLE_FIELD_CANCEL_OCCUPATION = 53165
S_BATTLE_FIELD_CHANGE_NPC_HP_EVENT = 44520
S_BATTLE_FIELD_CHAT_BAN_INFO = 35300
S_BATTLE_FIELD_END_OCCUPATION = 35383
S_BATTLE_FIELD_ENTRANCE_INFO = 31245
S_BATTLE_FIELD_HELP = 52753
S_BATTLE_FIELD_JACKPOT_EVENT_START = 55576
S_BATTLE_FIELD_MAP_ALARM = 56082
S_BATTLE_FIELD_NPC_KILL_EVENT = 56053
S_BATTLE_FIELD_PARTY_MARKER = 45793
S_BATTLE_FIELD_PARTY_MARKER_CLEAR = 32023
S_BATTLE_FIELD_POINT_STORE_BASKET = 56327
S_BATTLE_FIELD_POINT_STORE_SELL_LIST = 37509
S_BATTLE_FIELD_RESULT = 36982
S_BATTLE_FIELD_SCORE = 54676
S_BATTLE_FIELD_START_OCCUPATION = 32894
S_BATTLE_FIELD_STATE = 22383
S_BATTLE_FIELD_STRONGHOLD_EVENT = 43217
S_BATTLE_FIELD_STRONGHOLD_NONE_STATE = 61987
S_BATTLE_FIELD_STRONGHOLD_STATE = 34451
S_BATTLE_FIELD_TEAM_MEMBERS_POS_INFO = 49812
S_BATTLE_FIELD_USER_ASSIST_EVENT = 59474
S_BATTLE_FIELD_USER_KILL_EVENT = 47369
S_BATTLE_FIELD_USER_LOAD_INFO = 53919
S_BEGIN_THROUGH_ARBITER_CONTRACT = 37944
S_BETTING_INFO = 52530
S_BETTING_START = 50248
S_BIND_ITEM_BEGIN = 47092
S_BIND_ITEM_END = 61857
S_BOARD_ITEM_LIST = 53998
S_BONFIRE_CHARM_ADDED = 26851
S_BONFIRE_CHARM_BURNED = 27887
S_BONFIRE_STATUS = 34878
S_BOSS_BATTLE_INFO = 21519
S_BOSS_GAGE_INFO = 22501
S_BOSS_GAGE_PRIORITY = 41736
S_BOSS_GAGE_STACK_INFO = 62017
S_BREAK_SHIELD = 21648
S_BREAK_SHIELD_END = 35226
S_BROADCAST_CLIMBING = 56567
S_BROADCAST_FLOATING_CASTLE_INFO = 29157
S_BROADCAST_FLOATING_CASTLE_NAMEPLATE = 60247
S_BROCAST_GUILD_FLAG = 21943
S_BROCAST_UPDATE_GUILD_FLAG = 42623
S_BUY_INGAMESTORE_MONEYPRODUCT = 20339
S_BUY_VIP_STORE_ITEM_SUCCESS = 48270
S_BYE_PET = 27351
S_CAMERA_SHAKE = 26994
S_CANCEL_CONTRACT = 62847
S_CANCEL_DELETE_USER = 54339
S_CANCEL_EXIT = 39916
S_CANCEL_PARTY_LOOTING_METHOD_VOTE = 25785
S_CANCEL_PARTY_MATCH_POOL = 28612
S_CANCEL_PARTY_MEMBER_BAN = 36607
S_CANCEL_PREPARE_CHANGE_USER_APPEARANCE = 43169
S_CANCEL_QUEST_SHARE = 40731
S_CANCEL_RETURN_TO_LOBBY = 53329
S_CANCEL_SELECT_CHANNEL = 41755
S_CANCEL_VOTE_DISMISS_PARTY = 38856
S_CANCEL_VOTE_RESET_ALL_DUNGEON = 27292
S_CANNON_BATTLE_FIELD_BOARD = 42090
S_CANNON_BATTLE_FIELD_CRASH_DOOR = 56936
S_CANNON_BATTLE_FIELD_GUARDTOWER_STATUS = 30941
S_CANNON_BATTLE_FIELD_RESULT = 27588
S_CANNON_BATTLE_FIELD_STRONGHOLD_INFO = 50211
S_CANNOT_EQUIP_SAMEKIND = 29908
S_CANNOT_START_SKILL = 41843
S_CANNOT_USE_CHAT_CHANNEL = 56519
S_CANT_FLY_ANYMORE = 35209
S_CAN_CREATE_USER = 22785
S_CAN_DUNGEON_RETRY = 20685
S_CAN_LOCKON_TARGET = 42539
S_CHANGE_CHARACTER = 24867
S_CHANGE_CITY_WAR_STATE = 41047
S_CHANGE_DESTPOS_PROJECTILE = 29579
S_CHANGE_EP_EXP_DAILY_LIMIT = 63853
S_CHANGE_EP_POINT = 21556
S_CHANGE_EVENT_MATCHING_STATE = 23418
S_CHANGE_FREE_FIGHT_BATTLE_FIELD_RANKING = 57503
S_CHANGE_FRIEND_PROFILE = 61482
S_CHANGE_FRIEND_STATE = 26255
S_CHANGE_GUILDNAME = 61989
S_CHANGE_GUILD_CHIEF = 28219
S_CHANGE_ITEM_PASSIVE_LIST = 46908
S_CHANGE_LOOKS_PREMIUM_RESULT = 51980
S_CHANGE_LOOKS_PREMIUM_START = 53095
S_CHANGE_LOOT_ITEM_AMOUNT = 44225
S_CHANGE_MODE = 56563
S_CHANGE_NAME_STRING = 46320
S_CHANGE_PARTY_MANAGER = 21977
S_CHANGE_PARTY_MEMBER_AUTHORITY = 42355
S_CHANGE_PK_INFO = 44613
S_CHANGE_RELATION = 30703
S_CHANGE_SERVANT_ENERGY = 58363
S_CHANGE_SERVANT_NAME = 44788
S_CHANGE_USER_NAME_RESULT = 50409
S_CHANGE_VOICE_USE_QAC = 21299
S_CHAPTERHOUSE_QUEST_LIST = 55933
S_CHAT = 20642
S_CHAT_REPORT = 25392
S_CHECK_CHANGE_GUILDNAME = 32731
S_CHECK_EVENT_SYSTEM_REWARD = 42374
S_CHECK_EXTRACT = 42017
S_CHECK_NEW_GUILDNAME = 22587
S_CHECK_TO_DECLARE_GUILD_WAR = 38205
S_CHECK_TO_OPPOSITE_DECLARE_GUILD_WAR = 43208
S_CHECK_TO_RAISE_GUILD_WAR = 48075
S_CHECK_TO_READY_PARTY = 26407
S_CHECK_TO_READY_PARTY_FIN = 44859
S_CHECK_USERNAME = 47510
S_CHECK_VERSION = 19901
S_CITYWAR_WARNING_UNDERATTACK = 23362
S_CITY_WAR_INFO_HISTROY = 48384
S_CITY_WAR_NPC_INFO = 39871
S_CITY_WAR_NPC_KILL = 27273
S_CITY_WAR_SEASON_HISTROY = 61300
S_CLEAR_ALL_HOLDED_ABNORMALITY = 35489
S_CLEAR_QUEST_INFO = 65514
S_CLEAR_WORLD_QUEST_VILLAGER_INFO = 45330
S_CLIENT_COMMAND = 25811
S_CLOSE_VM_SETTING_WINDOW = 22279
S_COLLECTION_PICKEND = 40520
S_COLLECTION_PICKSTART = 31723
S_COLLECTION_PROGRESS = 53673
S_COMBATLOG_ADD_VALUE = 55081
S_COMBATLOG_COMBAT_ENGAGED_MONSTER_LIST = 41574
S_COMBATLOG_CURRENT_AGGRO_LIST = 20459
S_COMBATLOG_START = 40981
S_COMBATLOG_USER_INFO = 35192
S_COMBO_START = 24784
S_COMMAND_HELP = 64163
S_COMMIT_ACCESSORY_TRANSFORM_RESULT = 57327
S_COMPLETED_MISSION_INFO = 28829
S_COMPLETE_CHRONOSCROLL_USE = 26339
S_COMPLETE_EVENT_MATCHING_QUEST = 23379
S_COMPLETE_LOOP_QUEST = 35819
S_COMPLETE_QUEST = 57853
S_COMPLETE_VOTE = 57067
S_CONFIRM_INVITE_CODE = 52429
S_CONFIRM_INVITE_CODE_BUTTON = 60341
S_CONNECT_SKILL_ARROW = 35004
S_CONTENTS_TIMER = 44689
S_CONTROL_DOOR = 44956
S_COUNTDOWN_GROUP_DUEL = 37871
S_COUPON_DATA = 33734
S_COUPON_LIST = 37689
S_COUPON_NOTIFY = 51353
S_CREATE_CHARACTER_RESTRICTION = 24271
S_CREATE_GUILD_RESULT = 64784
S_CREATE_PRIVATE_CHANNEL = 43868
S_CREATE_USER = 33703
S_CREATURE_CHANGE_HP = 33681
S_CREATURE_LIFE = 47974
S_CREATURE_ROTATE = 39074
S_CREST_APPLY = 31175
S_CREST_ASK_DISAPPLY_ALL = 35162
S_CREST_CHANGE_FAIL = 58286
S_CREST_INFO = 54422
S_CREST_MESSAGE = 55911
S_CREST_UPGRADE_INFO = 41272
S_CRYSTAL_COMBINE_RESULT = 25248
S_CURRENT_CHANNEL = 32228
S_CURRENT_ELECTION_STATE = 53706
S_CUSTOMIZING_PARTS_SHAPE_ITEM_LIST = 20450
S_CUSTOM_MESSAGE = 38765
S_CUSTOM_STYLE_SYSTEM_MESSAGE = 50765
S_DAILY_QUEST_COMPLETE_COUNT = 42189
S_DARK_RIFT_ALL_DESPAWN_WORLD_NOTI = 58074
S_DARK_RIFT_AVAILABLE_QUEST_USER_COUNT = 46279
S_DARK_RIFT_CHANGE_AREA_WORLD_NOTI = 47726
S_DARK_RIFT_CLEAR_MAP_MARKER_WORLD_NOTI = 39406
S_DARK_RIFT_DEFENCE_OBJECT_CHANGE_HP = 32543
S_DARK_RIFT_DEFENCE_OBJECT_INIT = 23448
S_DARK_RIFT_DESPAWN_WORLD_NOTI = 44438
S_DARK_RIFT_DESTORY_OBJECT = 65533
S_DARK_RIFT_JOIN_LIST = 36072
S_DARK_RIFT_MAIN_DEFENCE_CHANGE_HP = 50992
S_DARK_RIFT_PROGRESS_STEP_WORLD_NOTI = 23111
S_DARK_RIFT_QUEST_INFO = 59401
S_DARK_RIFT_REWARD_RESULT = 47597
S_DARK_RIFT_SPAWN_WORLD_NOTI = 55662
S_DARK_RIFT_SYNC_TIME = 58237
S_DEAD_LOCATION = 42762
S_DEBUG_POS = 32904
S_DEBUG_REMOTE_PROJECTILE_POS = 26516
S_DECOMPOSE_REGISTERED_ITEM = 47943
S_DECOMPOSITION_ITEM_RESULT = 35780
S_DECREASE_COOLTIME_SKILL = 29153
S_DEFAULT_ANIM_CHANGE = 63043
S_DEFEND_SUCCESS = 32284
S_DELETE_ALL_PRODUCT = 21998
S_DELETE_AWAKEN_CHANGE_DATA = 45317
S_DELETE_AWAKEN_ENCHANT_DATA = 22104
S_DELETE_COUPON = 49299
S_DELETE_FRIEND = 28830
S_DELETE_GUILD_TOWER_MY_GUILD = 62656
S_DELETE_NPC_FROM_MAP = 63829
S_DELETE_PARCEL = 64559
S_DELETE_QUEST = 63295
S_DELETE_USER = 44041
S_DEL_CRYSTAL_COMBINE_MATERIAL = 24063
S_DEL_INTER_PARTY_MATCH_POOL = 21073
S_DEL_TRADE_BAG = 30327
S_DESPAWN_BONFIRE = 46235
S_DESPAWN_BUILD_OBJECT = 39173
S_DESPAWN_COLLECTION = 28689
S_DESPAWN_DARK_RIFT_CLOUD = 44428
S_DESPAWN_DOOR = 29420
S_DESPAWN_DROPITEM = 56550
S_DESPAWN_EVENT_SEED = 48445
S_DESPAWN_GAMBLE_BOX = 60089
S_DESPAWN_NPC = 39212
S_DESPAWN_PET = 57737
S_DESPAWN_PROJECTILE = 46852
S_DESPAWN_SERVANT = 28645
S_DESPAWN_SHUTTLE = 31633
S_DESPAWN_USER = 41139
S_DESPAWN_WORKOBJECT = 21347
S_DESTROY_GUILD = 63015
S_DESTROY_GUILD_TOWER = 45310
S_DIALOG = 64733
S_DIALOG_CLOSE = 50092
S_DIALOG_EVENT = 56916
S_DISTRIBUTOR_DATA = 48042
S_DONE_TEL_CAMP = 43313
S_DUEL_END = 48423
S_DUEL_START = 62642
S_DUEL_TAG = 52022
S_DUEL_TIME = 24774
S_DUNGEON_ADDITIONAL_WORK_UI = 54651
S_DUNGEON_CAMERA_SET = 41036
S_DUNGEON_CHANGE_NPC_ANIM = 65179
S_DUNGEON_CHANGE_NPC_CYLINDER = 20156
S_DUNGEON_CLEAR = 22734
S_DUNGEON_CLEAR_COUNT_LIST = 21077
S_DUNGEON_CONSOLE_EVENT = 39273
S_DUNGEON_COOL_TIME_LIST = 26669
S_DUNGEON_EVENT_GAGE = 29742
S_DUNGEON_EVENT_MESSAGE = 30108
S_DUNGEON_GUIDE_OFF = 47235
S_DUNGEON_GUIDE_ON = 25633
S_DUNGEON_JACKPOT_EVENT_START = 34873
S_DUNGEON_LOOK_AT_NPC = 62540
S_DUNGEON_NEWBIE = 52437
S_DUNGEON_RANK_END_POINT = 57431
S_DUNGEON_RANK_END_TIME = 29255
S_DUNGEON_RANK_MESSAGE = 56821
S_DUNGEON_RANK_RECORDER = 29363
S_DUNGEON_RANK_RECORD_LIST = 60038
S_DUNGEON_RANK_SEASON_LIST = 47913
S_DUNGEON_RECORD_INFO = 20726
S_DUNGEON_STATUS = 39677
S_DUNGEON_SUMMON_PARTY = 55120
S_DUNGEON_TIMER = 57188
S_DUNGEON_UI_HIGHLIGHT = 23128
S_DUNGEON_VEHICLE_REPAIRABLE = 55125
S_DUNGEON_VISIBLE_BG = 34326
S_DUNGEON_WORK_ENTER = 36298
S_DUNGEON_WORK_LIST = 45250
S_DUNGEON_WORK_POINT_STORE_BASKET = 55142
S_DUNGEON_WORK_POINT_STORE_SELL_LIST = 45237
S_DUNGEON_WORK_RESULT = 44057
S_DUNGEON_WORK_UPDATE = 24768
S_DUNGEON_WORK_UPDATE_MEDAL_COUNT = 20614
S_EACH_SKILL_RESULT = 53708
S_EMITTER = 36240
S_EMITTER_SET_Z = 23341
S_EMPTY_GUILD_WINDOW = 33178
S_ENABLE_CHARM_STATUS = 22205
S_ENABLE_DISABLE_SELLABLE_ITEM_LIST = 50732
S_ENCHANT_BOOSTER_DROP_ITEM = 63576
S_ENCHANT_BOOSTER_REGISTER_ITEM = 58568
S_ENCHANT_BOOSTER_STATUS = 58083
S_ENCHANT_BOOSTER_SUCCESS = 47434
S_ENCHANT_SCROLL_RESULT = 65311
S_END_CHANGE_USER_APPEARANCE = 29516
S_END_CHAT_BAN = 21678
S_END_CUSTOMIZING_PARTS_SHAPE = 22443
S_END_DARKRIFT_USER_HP = 53607
S_END_DRIVE_AIRSHIP = 45864
S_END_FIX_SPIRIT = 21559
S_END_FIX_VEHICLE = 25621
S_END_GUILD_WAR = 23124
S_END_LEVEL_COMPENSATION = 25814
S_END_PEGASUS = 20127
S_END_PRODUCT_SALE_INFO = 60342
S_END_RESTORE_CUSTOMIZING_PARTS_SHAPE = 49105
S_END_STACK_ATTENDANCE_EVENT_INFO = 32197
S_END_STYLE_SHOP_MARK_PRODUCT = 43721
S_END_THROUGH_ARBITER_CONTRACT = 23776
S_END_USER_PROJECTILE = 41862
S_ENEMY_BATTLE_FIELD_COMMANDER_CHANGED = 26787
S_ENTER_CITY_WAR = 54641
S_EP_SYSTEM_DAILY_EVENT_EXP_ON_OFF = 51927
S_EQUIP_ITEM = 23562
S_EQUIP_ITEM_SET = 37134
S_EVENT_DIALOG = 36502
S_EVENT_GUIDE = 53109
S_EVENT_INFO = 48686
S_EVENT_MATCHING_BATTLEFIELD_DETAIL_INFO = 52763
S_EVENT_MATCHING_DUNGEON_DETAIL_INFO = 29567
S_EVENT_QUEST_SUMMARY = 39964
S_EXIT = 56233
S_EXTRACT_REGISTERED_ITEM = 62738
S_F2P_PremiumUser_Permission = 30771
S_FACIAL_ATTACHMENT_BROADCAST = 47070
S_FAIL_CHARM_STATUS = 50308
S_FAIL_ENCHANT = 50447
S_FAIL_GUILD_QUEST = 33578
S_FAIL_LOOT_NON_OWNERSHIP = 40907
S_FATIGABILITY_POINT = 56138
S_FEARMOVE_END = 38330
S_FEARMOVE_STAGE = 40562
S_FESTIVAL_LIST = 64403
S_FEUDAL_LORD_FLAG_INFO = 44405
S_FIELD_EVENT_CHANNEL_FULL_GUIDE = 53248
S_FIELD_EVENT_GUIDE = 21854
S_FIELD_EVENT_ON_ENTER = 35260
S_FIELD_EVENT_ON_LEAVE = 51379
S_FIELD_EVENT_PROGRESS_INFO = 64574
S_FIELD_EVENT_PROGRESS_TIMER = 51805
S_FIELD_EVENT_RANK_LIST = 27021
S_FIELD_POINT_INFO = 59732
S_FIELD_POINT_REWARD_INFO_LIST = 32986
S_FINDNAME = 45892
S_FINISH_GUILD_QUEST = 34908
S_FIN_CANNON_BATTLE_FIELD = 53931
S_FIN_FREE_FIGHT_BATTLE_FIELD = 48080
S_FIN_INTER_PARTY_MATCH = 36768
S_FIN_KUMAS_BATTLE_FIELD = 28970
S_FIN_KUMAS_BOSS_BATTLE_FIELD = 60232
S_FIN_ROUND_PVE_BATTLE_FIELD = 65335
S_FIN_ROUND_PVE_ROUND = 60222
S_FIN_ROUND_PVP_BATTLE_FIELD = 47535
S_FIN_SNOW_EVENT_BATTLE_FIELD = 24665
S_FIN_STRONGHOLD_OCCUPATION_BATTLE_FIELD = 52625
S_FIN_WORLD_OF_TANK_BATTLE_FIELD = 65239
S_FIX_SPIRIT_COMPLETE = 29611
S_FIX_SPIRIT_PROGRESS = 20189
S_FIX_VEHICLE_COMPLETE = 52961
S_FIX_VEHICLE_PROGRESS = 27359
S_FLOATING_CASTLE_PARTS_STORE_BASKET = 43709
S_FLOATING_CASTLE_PARTS_STORE_SELL_LIST = 62112
S_FONT_SWAP_INFO = 43661
S_FREENAMED_STATUS = 65112
S_FREE_FIGHT_BATTLE_FIELD_BOARD = 47925
S_FREE_FIGHT_BATTLE_FIELD_MY_WARPOINT_INFO = 47419
S_FRIEND_GROUP_LIST = 32602
S_FRIEND_LIST = 34756
S_GACHA_CANCEL = 28066
S_GACHA_END = 59643
S_GACHA_START = 60912
S_GAMBLE_BEGIN = 50497
S_GAMBLE_CHANGE_BET_ITEM = 40280
S_GAMBLE_END = 40425
S_GAMBLE_RESULT = 29626
S_GATE_ATTACK_ALARM = 38687
S_GET_AOI_INFO = 27011
S_GET_ATTENDANCE_REWARD = 26347
S_GET_EVENT_DETAIL = 49478
S_GET_IN_SHUTTLE = 39772
S_GET_OUT_SHUTTLE = 46913
S_GET_USER_GUILD_LOGO = 54689
S_GET_USER_LIST = 29134
S_GET_WARE_ITEM = 32743
S_GHOST = 36789
S_GMEVENT_CONFIRM_LEAVE_EVENT = 47262
S_GMEVENT_END_EVENT = 41808
S_GMEVENT_ENTER_EVENT = 44571
S_GMEVENT_GUIDE_MESSAGE = 38155
S_GMEVENT_OFF_GUIDE_MESSAGE = 30336
S_GMEVENT_OX_QUIZ_OPEN = 65529
S_GMEVENT_OX_QUIZ_RESULT = 29694
S_GMEVENT_OX_QUIZ_USER_STATUS = 35090
S_GMEVENT_OX_REPE_QUIZ_OPEN = 50831
S_GMEVENT_OX_REPE_QUIZ_RESULT = 54617
S_GMEVENT_OX_RESURRECT_RESULT = 58448
S_GMEVENT_RECV_REWARD = 65321
S_GMEVENT_START_EVENT = 47722
S_GMEVENT_WRITE_EVENTBOARD = 35941
S_GRANT_SKILL = 43579
S_GROUND_EFFECT = 28782
S_GROUP_DUEL_CURRENT_BETTING_ITEM = 35480
S_GROUP_DUEL_FIN = 33498
S_GROUP_DUEL_INIT = 46226
S_GROUP_DUEL_RECORD = 35240
S_GROUP_NPC_LOCATION = 65361
S_GUARDTOWER_ATTACK_ALARM = 43737
S_GUARD_PK_POLICY = 48735
S_GUILD_ACCOUNT_LIMIT_INFO_CHANGED = 56568
S_GUILD_ANNOUNCE = 37288
S_GUILD_APPLY_COUNT = 25182
S_GUILD_APPLY_LIST = 48926
S_GUILD_EMBLEM = 38475
S_GUILD_HISTORY = 20738
S_GUILD_INFO = 55409
S_GUILD_LEVEL_INFO_CHANGED = 22070
S_GUILD_LEVEL_RANKING_LIST = 49058
S_GUILD_LOG = 40601
S_GUILD_MEMBER_LIST = 25149
S_GUILD_MONEY_INFO_CHANGED = 34013
S_GUILD_NAME = 33794
S_GUILD_PERK_LIST = 51273
S_GUILD_POINT_INFO_CHANGED = 45467
S_GUILD_QUEST_LIST = 35227
S_GUILD_STORE_BASKET = 54011
S_GUILD_STORE_SELL_LIST = 30880
S_GUILD_TOWER_INFO = 49868
S_GUILD_WARE_HISTORY = 43766
S_GUILD_WAR_PENALTY_INFO = 58021
S_HANCOIN_AMOUNT = 50093
S_HIDE_HP = 52634
S_HIT_COMBO = 51523
S_HOLD_ABNORMALITY_ADD = 52836
S_HOLD_ABNORMALITY_REMOVE = 29508
S_HUDDLE_ADDING = 45578
S_IMAGE_DATA = 39715
S_INGAMESHOP_CATEGORY_BEGIN = 31943
S_INGAMESHOP_CATEGORY_DATA = 62857
S_INGAMESHOP_CATEGORY_END = 39032
S_INGAMESHOP_PRODUCT_BEGIN = 56663
S_INGAMESHOP_PRODUCT_DATA = 60299
S_INGAMESHOP_PRODUCT_END = 30139
S_INGAMESHOP_PRODUCT_ITEMID = 43453
S_INGAMESHOP_PRODUCT_SUBPROD = 21673
S_INGAMESHOP_PRODUCT_TAG = 56441
S_INGAME_CHANGE_USER_APPEARANCE_CANCEL = 55422
S_INGAME_CHANGE_USER_APPEARANCE_START = 28004
S_INITIALIZE_AWESOMIUM = 57305
S_INIT_CANNON_BATTLE_FIELD = 54129
S_INIT_FREE_FIGHT_BATTLE_FIELD = 22262
S_INIT_KUMAS_BATTLE_FIELD = 27149
S_INIT_KUMAS_BOSS_BATTLE_FIELD = 45991
S_INIT_KUMAS_BOSS_INFO = 23200
S_INIT_ROUND_PVE_BATTLE_FIELD = 53583
S_INIT_ROUND_PVP_BATTLE_FIELD = 55856
S_INIT_SEREN_GUIDE = 21000
S_INIT_SNOW_EVENT_BATTLE_FIELD = 36447
S_INIT_STRONGHOLD_OCCUPATION_BATTLE_FIELD = 25296
S_INIT_WORLD_OF_TANK_BATTLE_FIELD = 24760
S_INSTANCE_ARROW = 42901
S_INSTANT_CATCH = 54179
S_INSTANT_DASH = 21084
S_INSTANT_MOVE = 30291
S_INSTANT_PULL = 62858
S_INSTANT_THROW = 55060
S_INTEREST_INFO = 39762
S_INVALID_BUILD_VERSION = 59399
S_INVEN = 55321
S_INVEN_CHANGEDSLOT = 31174
S_INVITE_CODE_EXPIRE_TIME = 46391
S_INVITE_COMPENSATION_GUIDE = 29243
S_INVITE_FRIEND_CODE = 50193
S_IS_LORD = 57205
S_IS_NOT_LORD = 29671
S_ITEMSYNTHESIZER_MATERIAL = 23043
S_ITEMSYNTHESIZER_RESULT = 35632
S_ITEM_COLORING_BAG = 35381
S_ITEM_CUSTOM_STRING = 43270
S_ITEM_DECOMPOSE = 20348
S_ITEM_EXPLOSION_RESULT = 43571
S_ITEM_EXTRACT = 57413
S_ITEM_IDENTIFY_RESULT = 54657
S_ITEM_RESET_RESULT = 38505
S_ITEM_TRANSFORM_DATA = 23394
S_ITEM_UNIDENTIFY_RESULT = 48480
S_JOIN_PRIVATE_CHANNEL = 27170
S_KNOCK_BACK = 53061
S_KUMAS_BATTLE_FIELD_BOARD = 42854
S_KUMAS_BATTLE_FIELD_LOOT_ITEM = 48265
S_KUMAS_BATTLE_FIELD_RESULT = 46620
S_KUMAS_BOSS_BATTLE_FIELD_BOARD = 25915
S_KUMAS_BOSS_BATTLE_FIELD_RESULT = 60181
S_KUMAS_BOSS_CHANGE_INFO = 64561
S_LEARN_EP_PERK = 57704
S_LEAVE_CITY_WAR = 59389
S_LEAVE_GUILD = 48737
S_LEAVE_PARTY = 21900
S_LEAVE_PARTY_MEMBER = 39894
S_LEAVE_PRIVATE_CHANNEL = 53087
S_LIST_CHANNEL = 43031
S_LIST_PARCEL = 31812
S_LIST_PARCEL_EX = 34651
S_LOADING_SCREEN_CONTROL_INFO = 21450
S_LOAD_ACHIEVEMENT_LIST = 47249
S_LOAD_CHAT_SETTING = 36985
S_LOAD_CLIENT_ACCOUNT_SETTING = 23575
S_LOAD_CLIENT_USER_SETTING = 56818
S_LOAD_DUNGEON_SOUND_HINT = 46618
S_LOAD_EP_INFO = 61545
S_LOAD_HINT = 23097
S_LOAD_SKILL_SCRIPT_LIST = 55952
S_LOAD_TELEPORT_TO_POS_LIST = 43931
S_LOAD_TOPO = 48838
S_LOCKON_ARROW = 21971
S_LOCKON_YOU = 48640
S_LOGIN = 37267
S_LOGIN_ACCOUNT_INFO = 26921
S_LOGIN_ARBITER = 25945
S_LOGOUT_PARTY_MEMBER = 49526
S_LOOT_DROPITEM = 45238
S_LORD_ACHIEVEMENT_ACCOMPLISHED_LIST = 36136
S_LORD_CANDIDATE_LIST = 62966
S_LORD_CANDIDATE_PLEDGE = 62881
S_LORD_GUARD_INFO = 47017
S_LORD_OPEN_CANDIDATE_WINDOW = 43665
S_LORD_OPEN_REGISTER_WINDOW = 35842
S_LORD_OPEN_VOTE_WINDOW = 44463
S_LORD_POLICY_SET = 24648
S_LORD_RANK_INFO = 57036
S_LORD_REGISTER_INFO = 37061
S_LORD_TAX_SET = 64289
S_LORD_VOTE_CANDIDATE_LIST = 61025
S_MAIN_MENU_COMMAND = 54191
S_MASSTIGE_STATUS = 27853
S_MATERIAL_CHANGE = 32913
S_MATERIAL_PARAM_CHANGE = 43299
S_MEDAL_STORE_BASKET = 55345
S_MEDAL_STORE_SELL_LIST = 54484
S_MERGE_PARTY_TO_RAID = 33186
S_MINIGAME_END = 47832
S_MINIGAME_FAIL = 23678
S_MINIGAME_RANK_END_POINT = 35838
S_MINIGAME_START = 30269
S_MINIGAME_WAIT = 39277
S_MODIFY_INTER_PARTY_MATCH_POOL = 36950
S_MOUNT_VEHICLE = 29644
S_MOUNT_VEHICLE_EX = 26802
S_MOVE_DISTANCE_DELTA = 49173
S_MOVE_SHUTTLE = 51716
S_MUTE = 41286
S_MY_CONDITION = 54821
S_MY_DESCRIPTION = 25091
S_MY_PARTY_MATCH_INFO = 39935
S_NAME_PREEMPTION_EVENT_INFO = 41544
S_NEED_WAREHOUSE_COMMISION = 65100
S_NEW_GOLD_RACE_INFO = 46977
S_NOCTAN_VARIATION_INFO = 63800
S_NOTIFY_ACTIVE_BUILD_TERRITORY_STATE = 52706
S_NOTIFY_BATTLE_FIELD_CHAT_BAN = 20906
S_NOTIFY_BATTLE_FIELD_NPC_DESPAWN = 64217
S_NOTIFY_BATTLE_FIELD_NPC_SPAWN = 30833
S_NOTIFY_DISCONNECT_BY_LEVEL_LIMIT = 23756
S_NOTIFY_GUILD_WAR_INFO = 54895
S_NOTIFY_GUILD_WAR_STATUS_CHANGE = 30145
S_NOTIFY_QUEST_RESTART = 39736
S_NOTIFY_TO_FRIENDS_WALK_INTO_SAME_AREA = 49770
S_NOTIFY_VM_STATUS = 52401
S_NPCGUILD_LIST = 30332
S_NPC_AI_EVENT = 41145
S_NPC_CHANGE_MESH = 25955
S_NPC_LOCATION = 62461
S_NPC_MENU_SELECT = 49096
S_NPC_OCCUPIER_INFO = 53982
S_NPC_PARTIAL_DESTRUCT = 56987
S_NPC_PART_BLINK = 33159
S_NPC_PART_BREAK_ACTIVE = 65261
S_NPC_RESPAWN_PLAN_ALARM = 64826
S_NPC_SCALE = 40622
S_NPC_SITUATION = 25928
S_NPC_STATUS = 34986
S_NPC_TARGET_USER = 30645
S_NPC_TRANSLATIONZ = 51784
S_OBTAIN_TOKEN_ITEM = 31048
S_ONGOING_FIELD_EVENT_LIST = 31770
S_ONGOING_HUNTING_EVENT_LIST = 54653
S_ONGOING_LEVEL_EVENT_LIST = 27944
S_OPEN_AWESOMIUM_WEB_URL = 62718
S_OPEN_BOARD = 26512
S_OPEN_CHANGE_CHARACTER_NAME_POPUP = 42239
S_OPEN_CITY_WAR_SEASON_HISTORY = 58950
S_OPEN_CREST_WINDOW = 44353
S_OPEN_DUAL_OPTION_MATERIAL_INFO = 25283
S_OPEN_EPPERK_RESET_POPUP = 23135
S_OPEN_FLOATING_CASTLE_STORE = 54601
S_OPEN_GUARD_INFO_WINDOW = 22367
S_OPEN_GUILD_FLAG_WINDOW = 53112
S_OPEN_GUILD_LOGO_WINDOW = 34119
S_OPEN_GUILD_WAR_WINDOW = 40947
S_OPEN_RENAME_GUILD_POPUP = 35824
S_OPEN_VM_SELLBUY_WINDOW = 60680
S_OPEN_VM_SETTING_WINDOW = 40765
S_OP_COMMAND = 36442
S_OTHER_USER_APPLY_PARTY = 32746
S_PARCEL_READ_RECV_STATUS = 46828
S_PARCEL_REPORT = 26398
S_PARTY_INFO = 25681
S_PARTY_LOOTING_METHOD = 26302
S_PARTY_LOOTING_METHOD_VOTE = 44229
S_PARTY_MARKER = 36097
S_PARTY_MATCH_LINK = 62176
S_PARTY_MEMBER_ABNORMAL_ADD = 39175
S_PARTY_MEMBER_ABNORMAL_CLEAR = 38126
S_PARTY_MEMBER_ABNORMAL_DEL = 57299
S_PARTY_MEMBER_ABNORMAL_REFRESH = 64690
S_PARTY_MEMBER_BUFF_UPDATE = 42078
S_PARTY_MEMBER_CHANGE_HP = 34512
S_PARTY_MEMBER_CHANGE_MP = 47011
S_PARTY_MEMBER_CHANGE_STAMINA = 53872
S_PARTY_MEMBER_CHARM_ADD = 39357
S_PARTY_MEMBER_CHARM_DEL = 60961
S_PARTY_MEMBER_CHARM_ENABLE = 41336
S_PARTY_MEMBER_CHARM_RESET = 58782
S_PARTY_MEMBER_INFO = 47869
S_PARTY_MEMBER_INTERVAL_POS_UPDATE = 46817
S_PARTY_MEMBER_LIST = 54597
S_PARTY_MEMBER_QUEST_DATA = 36561
S_PARTY_MEMBER_STAT_UPDATE = 50472
S_PARTY_NOTIFY_MY_POSITION = 35773
S_PCBANGINVENTORY_DATALIST = 52258
S_PENDING_TRANSFORM_DATA = 47863
S_PETITION_CANCEL = 35563
S_PETITION_CHAT_BEGIN = 27726
S_PETITION_CHAT_END = 52811
S_PETITION_CHAT_GM_MESSAGE = 54482
S_PETITION_CHECK_CREATABLE = 35155
S_PETITION_CHECK_SURVEYABLE = 23511
S_PETITION_COMPLETE = 56183
S_PETITION_CREATE = 63421
S_PETITION_FORCE_CREATE = 36501
S_PETITION_INFO = 49330
S_PET_ATTACKED = 20493
S_PET_DURABILITY_CHANGE = 22672
S_PET_INCUBATOR_INFO_CHANGE = 40079
S_PET_INCUBATOR_PROGRESS = 22832
S_PET_INCUBATOR_SHOW = 43476
S_PET_INFO_CHANGE = 27875
S_PET_INFO_CLEAR = 34165
S_PET_MANAGER_SHOW = 38704
S_PET_STOP_ALERT = 58734
S_PING = 44708
S_PK_DECLARE = 65308
S_PK_DECLARE_COUNT = 48105
S_PK_END = 40654
S_PK_POINT = 51361
S_PK_READY = 59982
S_PK_START = 22928
S_PK_TAG = 26641
S_PLAYER_AUTOPILOT = 45097
S_PLAYER_CHANGE_ALL_PROF = 46055
S_PLAYER_CHANGE_DRAIN = 48005
S_PLAYER_CHANGE_EP = 38387
S_PLAYER_CHANGE_EXP = 58324
S_PLAYER_CHANGE_FLIGHT_ENERGY = 63719
S_PLAYER_CHANGE_MP = 57051
S_PLAYER_CHANGE_NOCTAN_COUNT = 27639
S_PLAYER_CHANGE_PROF = 28579
S_PLAYER_CHANGE_STAMINA = 65302
S_PLAYER_CHANGE_UNION_SKILL_COUNT = 59785
S_PLAYER_CUSTOM_ITEM_SLOT = 45920
S_PLAYER_RESET_EP = 59637
S_PLAYER_STAT_UPDATE = 29832
S_PLAYER_VEHICLE_EX_STAT_UPDATE = 61159
S_PLAYTIME = 44066
S_PLAYTIME_EVENT_END = 55033
S_PLAYTIME_EVENT_REWARD_DATA = 45790
S_PLAY_ANIMATION = 23992
S_PLAY_EFFECT = 44270
S_PLAY_EVENT_SOUND = 57250
S_PLAY_MAGNETIC = 36151
S_PLAY_MOVIE = 47452
S_PLAY_SOUND = 62001
S_PLAY_SOUND_BYNAME = 29279
S_PLAY_TIME = 38237
S_POINT_STORE_BASKET = 54492
S_POINT_STORE_SELL_LIST = 47148
S_POLITICS_POINT_STORE_BASKET = 61385
S_POLITICS_POINT_STORE_SELL_LIST = 46038
S_POSITION_SWAP = 42795
S_POST_PROCESS = 55190
S_POST_PROCESS_MATERIAL = 54824
S_PRECONFIRM_INVITE_CODE = 30715
S_PREMIUM_COMPOSE_ADD_ITEM = 49117
S_PREMIUM_COMPOSE_DEL_ITEM = 50310
S_PREMIUM_COMPOSE_RESET = 31248
S_PREMIUM_COMPOSE_RESULT = 63890
S_PREMIUM_COMPOSE_START = 28454
S_PREMIUM_COMPOSE_UI_INFO = 55817
S_PREMIUM_SLOT_DATALIST = 36347
S_PREMIUM_SLOT_OFF = 59766
S_PREPARE_CHANGE_USER_APPEARANCE = 27263
S_PREPARE_DONE_WORKOBJECT = 27889
S_PREPARE_EXIT = 21268
S_PREPARE_INGAME_CHANGE_USER_APPEARANCE = 22076
S_PREPARE_RETURN_TO_LOBBY = 30340
S_PREPARE_SELECT_CHANNEL = 21289
S_PREPARE_WORKOBJECT = 37671
S_PREVIEW_ITEM = 25823
S_PRIVATE_CHANNEL_NOTICE = 23504
S_PRIVATE_CHAT = 64208
S_PRODUCE_CRITICAL = 27790
S_PROMOTION_INFO = 48817
S_PROMOTION_PROCESS = 29073
S_PROMOTION_SUCCESS = 56789
S_PROTECT = 22433
S_PURCHASE_PROD = 25400
S_PUSHED_BY_SHIELD = 28468
S_PUT_INTO_PRISON = 42956
S_PUT_WARE_ITEM = 50256
S_PVE_LEADER_BOARD_INFO = 33231
S_PVE_RANKING_LIST = 33056
S_PVP_LEADER_BOARD_INFO = 30017
S_PVP_RANKING_LIST = 50592
S_QA_SET_ADMIN_LEVEL = 43715
S_QUEST_BALLOON = 64450
S_QUEST_INFO = 35036
S_QUEST_VILLAGER_INFO = 20934
S_RACE_CHANGE_RESTRICTION = 22023
S_RANK_MESSAGE = 21523
S_RANK_POINT_STATUS = 60451
S_READY_PULL = 44791
S_RECEIVE_TOKEN_TARGET_ITEM = 34552
S_RECV_PARCEL = 60539
S_REGISTER_ENCHANT_ITEM = 53877
S_REGISTER_UPGRADE_ITEM = 61673
S_REIGN_INFO = 63251
S_REJECT_CONTRACT = 57763
S_RELEASE_FROM_PRISON = 51454
S_REMAIN_PLAY_TIME = 37547
S_REMOVE_BLOCKED_USER = 24816
S_REMOVE_CHARM_STATUS = 44616
S_REMOVE_EFFECT = 42238
S_REMOVE_EVENT_MATCHING_QUEST = 38014
S_REMOVE_GUILD_GROUP = 50012
S_REMOVE_GUILD_MEMBER = 34057
S_REMOVE_SOUND_BYNAME = 53820
S_RENAME_ITEMSTRING_START = 22470
S_REPLY_GUILD_LIST = 36542
S_REPLY_GUILD_WANTED_WRITING_LIST = 23936
S_REPLY_INVITE_GUILD_LIST = 24291
S_REPLY_NONDB_ITEM_INFO = 63962
S_REPLY_REQUEST_CONTRACT = 32827
S_REPLY_RET_VILLAGE_INFO = 44554
S_REPLY_SET_GUILD_WANTED_WRITING = 59248
S_REQUEST_CHANGE_PARTY_MATCH_RULE = 20464
S_REQUEST_CITY_WAR_MAP_INFO = 55760
S_REQUEST_CITY_WAR_MAP_INFO_DETAIL = 21196
S_REQUEST_CITY_WAR_MAP_INFO_END = 27297
S_REQUEST_CONTRACT = 34534
S_REQUEST_COOLTIME_TO_JOIN_GUILD = 32905
S_REQUEST_DEMOLIST_GUILD_TOWER_POPUP = 33010
S_REQUEST_DUNGEON_MATCHING_UI = 61907
S_REQUEST_FLOATING_CASTLE_PARTS_COOL_TIME = 53275
S_REQUEST_GUILD_FLAG_IMAGE_DATA = 23848
S_REQUEST_GUILD_INFO_BEFORE_APPLY_GUILD = 59961
S_REQUEST_INGAMESTORE_PRODUCT_DETAIL = 24536
S_REQUEST_INGAMESTORE_SALE_PRODUCTLIST = 65102
S_REQUEST_INVITE_GUILD_TAG = 50544
S_REQUEST_JOINED_CHANNEL_LIST = 50948
S_REQUEST_JOIN_GUILD_NOTICE = 54503
S_REQUEST_NAME_PREEMPTION = 21212
S_REQUEST_PRIVATE_CHANNEL_INFO = 58531
S_REQUEST_REACTION_POS_TICK = 51608
S_REQUEST_RENEW_ALL_PARTS_ITEM = 60640
S_REQUEST_SECOND_PASSWORD_AUTH = 50617
S_REQUEST_SECOND_PASSWORD_REGISTER = 54865
S_REQUEST_STYLE_SHOP_MARK_PRODUCTLIST = 50741
S_REQUEST_UPDATE_CUSTOM_USER_CUSTOMIZING = 35366
S_REQUEST_WRITE_BOARD_RESULT = 32613
S_RESET_ALL_PRODUCT_MARK_EVENT = 28433
S_RESET_CHARM_STATUS = 31990
S_RESET_EP_PERK = 34884
S_RESET_GUILD_PERK = 35160
S_RESET_SKILL = 49857
S_RESPONSE_ACCESSORY_COST_INFO = 40143
S_RESPONSE_GAMESTAT_PONG = 40652
S_RESPONSE_PONG = 50950
S_RESTORE_CUSTOMIZING_PARTS_SHAPE = 26271
S_RESULT_BATTLE_FIELD_CHAT_BAN = 20698
S_RESULT_BIDDING_DICE_THROW = 38878
S_RESULT_CHANGE_CHARACTER_NAME = 51548
S_RESULT_CHANGE_DUAL_OPTION_IDX = 57571
S_RESULT_CHANGE_FRIEND_MEMO = 42568
S_RESULT_CHANGE_MY_PROFILE = 49409
S_RESULT_DECOMPOSITION = 63049
S_RESULT_ENCHANT = 56768
S_RESULT_EQUIPMENT_INHERITANCE = 30395
S_RESULT_EVENT_SEED = 53906
S_RESULT_GROUP_DUEL_MSG = 61119
S_RESULT_GUILD_INCENTIVE = 62052
S_RESULT_INGAME_CHANGE_USER_APPEARANCE = 54976
S_RESULT_ITEM_BIDDING = 56475
S_RESULT_ITEM_COLORING = 62166
S_RESULT_LEARN_GUILD_PERK = 43878
S_RESULT_MATERIAL_AWAKEN = 62355
S_RESULT_OPEN_DUAL_OPTION = 36405
S_RESULT_RENAME_GUILD = 34149
S_RESULT_SEREN_GUIDE = 62751
S_RESULT_UPGRADE = 57789
S_RESULT_USABLE_CHARACTER_NAME = 51516
S_RESULT_USABLE_GUILD_NAME = 56447
S_RETURN_PARCEL = 48015
S_RETURN_TO_LOBBY = 28926
S_RETURN_USER = 48988
S_RETURN_USER_REWARD_END = 40816
S_REWARDNPC_SPAWN_ALARM = 46800
S_REWRITE_ITEM_STRING = 36820
S_RIGHT_ITEM_LIST = 65107
S_ROUND_PVE_BATTLE_FIELD_BOARD = 59559
S_ROUND_PVE_BATTLE_FIELD_RESULT = 46059
S_ROUND_PVE_CLOSE_SKILL_UI = 24783
S_ROUND_PVE_OPEN_SKILL_UI = 21260
S_ROUND_PVE_SCORE = 48969
S_ROUND_PVE_SKILL_INVOKE = 24422
S_ROUND_PVP_BATTLE_FIELD_BOARD = 55848
S_ROUND_PVP_BATTLE_FIELD_RESULT = 28252
S_ROUND_RESULT = 43786
S_ROUND_START = 65409
S_SCENARIO_DUNGEON_UI = 37348
S_SECOND_PASSWORD_AUTH_RESULT = 52758
S_SECOND_PASSWORD_REGISTER_RESULT = 31169
S_SELECT_CHANNEL = 37760
S_SELECT_EVENT_MATCHING = 27435
S_SELECT_USER = 45432
S_SEND_CHANGE_REPUTATION_EXP = 22158
S_SEND_CHANGE_REPUTATION_POINT = 34528
S_SEND_PARCEL = 32055
S_SEND_PARCEL_TAX = 29557
S_SEND_QUEST_ITEM_INFO = 58247
S_SEND_ROUND_PVE_SKILL_LIST = 55155
S_SEND_USER_PLAY_TIME = 59864
S_SEND_VIP_SYSTEM_INFO = 43516
S_SERVANT_ABILITY = 48695
S_SERVER_TIME = 41067
S_SET_AWESOMIUM_WEB_URL = 34386
S_SET_GUILD_JOIN_CONDITION = 58361
S_SET_ITEM_BIDDING_FLAG = 36390
S_SET_ITEM_STRING = 42684
S_SET_KUMAS_BATTLE_FIELD_TREASURE_SCORE = 44314
S_SET_NEW_TERA_USER = 52602
S_SET_POS = 50891
S_SET_RECIPE_BOOKMARK = 53641
S_SET_SEND_PARCEL_ITEM = 36435
S_SET_SEND_PARCEL_MONEY = 61664
S_SET_VISIBLE = 54790
S_SET_WORKOBJECT = 21824
S_SHARE_USER_PING = 35666
S_SHORTCUT_CHANGE = 38396
S_SHOW_ARTISAN_MENU = 35060
S_SHOW_AWESOMIUMWEB_SHOP = 63767
S_SHOW_CANDIDATE_LIST = 55784
S_SHOW_CHANGE_CHARACTER_UI = 25097
S_SHOW_CREST_LEARN = 35713
S_SHOW_DARKRIFT_USER_HP = 43454
S_SHOW_DEAD_CITY_WAR_UI = 48110
S_SHOW_DEAD_UI = 39682
S_SHOW_DUNGEON_RETRY_UI = 54844
S_SHOW_GUILD_QUEST_LIST = 59176
S_SHOW_HP = 20463
S_SHOW_ITEM_TOOLTIP = 58521
S_SHOW_NPC_TO_MAP = 54346
S_SHOW_PARCEL = 37314
S_SHOW_PARCEL_MESSAGE = 41770
S_SHOW_PARTY_MATCH_INFO = 52231
S_SHOW_PCBANG_ICON = 43804
S_SHOW_PEGASUS_MAP = 50702
S_SHOW_REVIVE_UI = 20772
S_SHOW_TEMPER_WINDOW = 48411
S_SHOW_TRADE_ITEM = 51393
S_SHOW_TRADE_LOG = 32421
S_SHOW_USER_EP_INFO = 31776
S_SIMPLE_TIP_REPEAT_CHECK = 24634
S_SKILL_ATTENTION_TARGET = 63435
S_SKILL_CATEGORY = 25196
S_SKILL_CHASE_EFFECT_TARGET = 38231
S_SKILL_FORGET = 39240
S_SKILL_LEARN_LIST = 48650
S_SKILL_LEARN_RESULT = 49307
S_SKILL_LIST = 56785
S_SKILL_PERIOD = 44644
S_SKILL_TARGETING_AREA = 62272
S_SNOW_EVENT_BATTLE_FIELD_BOARD = 24716
S_SNOW_EVENT_BATTLE_FIELD_RESULT = 62645
S_SNOW_EVENT_BATTLE_FIELD_SPAWN_USER = 28833
S_SOCIAL = 31983
S_SOCIAL_CANCEL = 44158
S_SOCIAL_FORGET = 22815
S_SOCIAL_LEARN_RESULT = 35181
S_SPAWN_BONFIRE = 36481
S_SPAWN_BUILD_OBJECT = 41398
S_SPAWN_COLLECTION = 54238
S_SPAWN_DARK_RIFT_CLOUD = 58070
S_SPAWN_DOOR = 38024
S_SPAWN_DROPITEM = 48645
S_SPAWN_EVENT_SEED = 39313
S_SPAWN_GAMBLE_BOX = 54973
S_SPAWN_ME = 27662
S_SPAWN_NPC = 32686
S_SPAWN_PET = 51755
S_SPAWN_PROJECTILE = 34338
S_SPAWN_REMOTE_PROJECTILE = 60734
S_SPAWN_SERVANT = 45545
S_SPAWN_SHUTTLE = 62811
S_SPAWN_USER = 42316
S_SPAWN_WORKOBJECT = 49888
S_STAGE_RESULT = 27622
S_STAGE_START = 52023
S_START_ACTION_SCRIPT = 61125
S_START_CHANGE_USER_APPEARANCE = 42860
S_START_CHAT_BAN = 61779
S_START_CHAT_BAN_INFINITY = 29330
S_START_CLIENT_CUSTOM_SKILL = 35041
S_START_CLIMBING = 55131
S_START_COMMANDER_SKILL = 36725
S_START_COOLTIME_ITEM = 57281
S_START_COOLTIME_SKILL = 30998
S_START_CUSTOMIZING_PARTS_SHAPE = 43314
S_START_DRIVE_AIRSHIP = 61438
S_START_FIX_SPIRIT = 35677
S_START_FIX_VEHICLE = 46617
S_START_GUILD_QUEST = 42666
S_START_GUILD_WAR = 59698
S_START_INVERSE_CAPTURE = 30897
S_START_LEVEL_COMPENSATION = 54914
S_START_PEGASUS = 29388
S_START_PRODUCE = 24982
S_START_ROUND_PVE_ROUND = 38648
S_START_STACK_ATTENDANCE_EVENT_INFO = 41907
S_START_USER_PROJECTILE = 51020
S_START_VM_BUY = 50911
S_START_VM_SELL = 49432
S_STEER_DEBUG_COMMAND = 30234
S_STICK_TO_USER_END = 20023
S_STICK_TO_USER_START = 22184
S_STOP_VM = 54234
S_STORE_BASKET = 38250
S_STORE_COMMIT = 61971
S_STORE_SELL_LIST = 57700
S_STRONGHOLD_OCCUPATION_BATTLE_FIELD_BOARD = 58826
S_STRONGHOLD_OCCUPATION_BATTLE_FIELD_STRONGHOLD_INFO = 33063
S_STR_EVALUATE_LIST = 64146
S_STYLE_SHOP_BUY_TCAT_ITEM = 28562
S_SUCCESS_COUNTER = 44736
S_SUCCESS_STYLE_SHOP_BUY_REPUTATION_ITEM = 60314
S_SUGGEST_DARK_RIFT_PARTY_MATCHING = 38467
S_SURVEY_QUESTION = 44202
S_SWITCH_INFO = 60267
S_SYNC_PEGASUS_TIME = 21546
S_SYSTEM_MESSAGE = 23292
S_SYSTEM_MESSAGE_CUSTOM = 34003
S_SYSTEM_MESSAGE_LOOT_ITEM = 43929
S_SYSTEM_MESSAGE_LOOT_SPECIAL_ITEM = 21749
S_SYSTEM_REWARD_MESSAGE = 44501
S_SYS_PARTY_INFO = 40605
S_TARGET_INFO = 60712
S_TASK_INFO_GUARD = 28118
S_TAX_INFO = 38898
S_TELEPORT_TO_CAMP = 63184
S_TEMPER_MATERIALS = 57356
S_TEMPER_RESULT = 58093
S_TERRITORY_STEP_ENTER = 36504
S_TERRITORY_STEP_LEAVE = 23526
S_TERRITORY_STEP_PROGRESS = 23980
S_TIMEOVER_CONTRACT = 63497
S_TOGGLE_TASK_INFO_WINDOW = 22033
S_TOKEN_POINT_STATUS = 53845
S_TOTAL_GUILD_WAR_DATA = 42965
S_TRADE_ACCEPT = 25836
S_TRADE_BAG_CLOSE = 55509
S_TRADE_BAG_DONE = 38686
S_TRADE_BOX = 22765
S_TRADE_BROKER_BOUGHT_ITEM_LIST = 22003
S_TRADE_BROKER_BUY_IT_NOW = 46556
S_TRADE_BROKER_CALC_BOUGHT_ITEM = 24329
S_TRADE_BROKER_CALC_NOTIFY = 47833
S_TRADE_BROKER_CALC_SOLD_ITEM = 50098
S_TRADE_BROKER_DEAL_INFO_UPDATE = 53493
S_TRADE_BROKER_DEAL_SUGGESTED = 54931
S_TRADE_BROKER_HIGHEST_ITEM_LEVEL = 36257
S_TRADE_BROKER_HISTORY_ITEM_LIST = 46479
S_TRADE_BROKER_INPUT_PRICE = 56749
S_TRADE_BROKER_REGISTERED_ITEM_LIST = 47545
S_TRADE_BROKER_REQUEST_DEAL_RESULT = 43729
S_TRADE_BROKER_SOLD_ITEM_LIST = 52178
S_TRADE_BROKER_SUGGEST_DEAL = 51156
S_TRADE_BROKER_WAITING_ITEM_LIST = 25919
S_TRADE_MESSAGE = 50085
S_TRANSFER_KUMAS_BATTLE_FIELD_TREASURE = 35692
S_TUTORIAL_PLAY_FINISHED = 22352
S_UNBIND_ITEM_RESULT = 57563
S_UNEQUIP_ITEM = 55283
S_UNICAST_FLOATING_CASTLE_INFO = 64279
S_UNICAST_FLOATING_CASTLE_NAMEPLATE = 34909
S_UNICAST_TRANSFORM_DATA = 48121
S_UNMOUNT_VEHICLE = 54066
S_UNMOUNT_VEHICLE_EX = 44578
S_UNREGISTER_ENCHANT_ITEM = 27526
S_UNREGISTER_UPGRADE_ITEM = 23739
S_UPDATE_ACHIEVEMENT_PROGRESS = 43972
S_UPDATE_BIDDING_COUNT = 25973
S_UPDATE_CONTENTS_ON_OFF = 29133
S_UPDATE_EVENT_MATCHING_BONUS_INFO = 47478
S_UPDATE_EVENT_SEED_STATE = 47309
S_UPDATE_EVENT_SYSTEM = 33948
S_UPDATE_EXP_LEVEL = 10044
S_UPDATE_FRIENDSHIP_GAGE = 22212
S_UPDATE_FRIEND_INFO = 31091
S_UPDATE_GAMBLE_BOX_STATE = 24318
S_UPDATE_GUILD_ANNOUNCE = 21925
S_UPDATE_GUILD_FLAG = 20204
S_UPDATE_GUILD_GROUP = 61354
S_UPDATE_GUILD_MEMBER = 46735
S_UPDATE_GUILD_QUEST_STATUS = 47532
S_UPDATE_GUILD_TOWER_INFO = 65298
S_UPDATE_KUMAS_BATTLE_FIELD_TREASURE_INFO = 20547
S_UPDATE_KUMAS_BOSS_POS = 36318
S_UPDATE_LICENSE = 10042
S_UPDATE_NPCGUILD = 21685
S_UPDATE_PARTY_MEMBER_QUEST_DATA = 26454
S_UPDATE_PRODUCE = 54074
S_UPDATE_PROF_BUG = 10047
S_UPDATE_PROF_ENERGY = 10048
S_UPDATE_PROF_HERB = 10049
S_UPDATE_PROF_MINERAL = 10046
S_UPDATE_QUEST = 52981
S_UPDATE_STACK_ATTENDANCE_EVENT_INFO = 20671
S_UPDATE_STACK_ATTENDANCE_EVENT_RESET_TIME = 56836
S_UPDATE_STYLE_SHOP_MARK_PRODUCT = 30090
S_UPDATE_USER_AWAKEN_GRADE = 40997
S_UPDATE_USER_PKDECLARECOUNT = 10051
S_UPDATE_USER_PKDECLARECOUNT2 = 10193
S_UPDATE_USER_PKPOINT = 10053
S_UPDATE_VM_SELLBUY_WINDOW = 61981
S_UPDATE_VM_SETTING_WINDOW = 55671
S_UPDATE_VM_STATUS = 53111
S_USER_AIM = 37700
S_USER_AIM_TO = 22399
S_USER_APPEARANCE_CHANGE = 59629
S_USER_BLOCK_LIST = 64615
S_USER_CHANGE_FACE_CUSTOM = 61781
S_USER_CHANGE_NAME = 64727
S_USER_EFFECT = 44702
S_USER_EXTERNAL_CHANGE = 31063
S_USER_FLYING_LOCATION = 28877
S_USER_ITEMLEVEL_INFO = 21189
S_USER_ITEM_EQUIP_CHANGER = 60670
S_USER_LEVELUP = 26529
S_USER_LOCATION = 59294
S_USER_LOCATION_IN_ACTION = 59251
S_USER_MOVETYPE = 56096
S_USER_PAPERDOLL_INFO = 22133
S_USER_PVE_RANKING = 55871
S_USER_PVP_RANKING = 61109
S_USER_REPORT = 56402
S_USER_SITUATION = 27285
S_USER_STATUS = 32735
S_USER_WEAPON_APPEARANCE_CHANGE = 33394
S_USE_CHRONOSCROLL_RESULT = 33401
S_USE_COUPON = 43644
S_USE_RIGHT_ITEM = 47122
S_VEHICLE_EX_ARROW = 48324
S_VEHICLE_EX_RELATION = 53252
S_VERSION_INFO = 51731
S_VIEW_BATTLE_FIELD_RANKING = 49674
S_VIEW_BATTLE_FIELD_RANKING_SERVER_LIST = 27429
S_VIEW_BATTLE_FIELD_RESULT = 36796
S_VIEW_COMBINE_BATTLE_FIELD_RANKING = 41149
S_VIEW_GUILD_WAR = 63093
S_VIEW_INTER_PARTY_MATCH_BATTLEFIELD_LIST = 59922
S_VIEW_INTER_PARTY_MATCH_DUNGOEN_LIST = 64886
S_VIEW_PARTY_INVITE = 48017
S_VIEW_VM_SETTING_WINDOW = 58036
S_VIEW_WARE = 44757
S_VIEW_WARE_EX = 45280
S_VILLAGER_BUFF_INFO = 55750
S_VILLAGER_POPUP_DIALOG = 64062
S_VILLAGE_LIST_TO_TELEPORT = 54926
S_VIP_STORE_ITEM_LIST = 26363
S_VIRTUAL_LATENCY = 31257
S_VISITED_SECTION_LIST = 42010
S_VISIT_NEW_SECTION = 25539
S_VISIT_NEW_TEL_CAMP = 27960
S_VM_BUY_BASKET_INFO = 46918
S_VM_SELL_BASKET_INFO = 41656
S_VOID_GUARD_INFO = 36414
S_VOTE_DISMISS_PARTY = 35870
S_VOTE_HISTORY = 29317
S_VOTE_RESET_ALL_DUNGEON = 31432
S_WAITING_LIST = 20215
S_WATCHED_MOVIES = 23022
S_WEAK_POINT = 63882
S_WELCOME_PET_OWNER = 39579
S_WHISPER = 23860
S_WORK_WORKOBJECT = 51100
S_WORLD_OF_TANK_BATTLE_FIELD_BOARD = 34808
S_WORLD_OF_TANK_BATTLE_FIELD_RESULT = 57586
S_WORLD_QUEST_VILLAGER_INFO = 36479
